[    0.000000] Linux version 5.19.0-50-generic (buildd@lcy02-amd64-030) (x86_64-linux-gnu-gcc (Ubuntu 11.3.0-1ubuntu1~22.04.1) 11.3.0, GNU ld (GNU Binutils for Ubuntu) 2.38) #50-Ubuntu SMP PREEMPT_DYNAMIC Mon Jul 10 18:24:29 UTC 2023 (Ubuntu 5.19.0-50.50-generic 5.19.17)
[    0.000000] Command line: BOOT_IMAGE=/boot/vmlinuz-5.19.0-50-generic root=UUID=c612be2b-648d-45be-a127-1a9cc23dac69 ro find_preseed=/preseed.cfg auto noprompt priority=critical locale=en_US quiet splash
[    0.000000] KERNEL supported cpus:
[    0.000000]   Intel GenuineIntel
[    0.000000]   AMD AuthenticAMD
[    0.000000]   Hygon HygonGenuine
[    0.000000]   Centaur CentaurHauls
[    0.000000]   zhaoxin   Shanghai  
[    0.000000] x86/fpu: Supporting XSAVE feature 0x001: 'x87 floating point registers'
[    0.000000] x86/fpu: Supporting XSAVE feature 0x002: 'SSE registers'
[    0.000000] x86/fpu: Supporting XSAVE feature 0x004: 'AVX registers'
[    0.000000] x86/fpu: Supporting XSAVE feature 0x200: 'Protection Keys User registers'
[    0.000000] x86/fpu: xstate_offset[2]:  576, xstate_sizes[2]:  256
[    0.000000] x86/fpu: xstate_offset[9]:  832, xstate_sizes[9]:    8
[    0.000000] x86/fpu: Enabled xstate features 0x207, context size is 840 bytes, using 'compacted' format.
[    0.000000] signal: max sigframe size: 3632
[    0.000000] BIOS-provided physical RAM map:
[    0.000000] BIOS-e820: [mem 0x0000000000000000-0x000000000009e7ff] usable
[    0.000000] BIOS-e820: [mem 0x000000000009e800-0x000000000009ffff] reserved
[    0.000000] BIOS-e820: [mem 0x00000000000dc000-0x00000000000fffff] reserved
[    0.000000] BIOS-e820: [mem 0x0000000000100000-0x00000000bfecffff] usable
[    0.000000] BIOS-e820: [mem 0x00000000bfed0000-0x00000000bfefefff] ACPI data
[    0.000000] BIOS-e820: [mem 0x00000000bfeff000-0x00000000bfefffff] ACPI NVS
[    0.000000] BIOS-e820: [mem 0x00000000bff00000-0x00000000bfffffff] usable
[    0.000000] BIOS-e820: [mem 0x00000000f0000000-0x00000000f7ffffff] reserved
[    0.000000] BIOS-e820: [mem 0x00000000fec00000-0x00000000fec0ffff] reserved
[    0.000000] BIOS-e820: [mem 0x00000000fee00000-0x00000000fee00fff] reserved
[    0.000000] BIOS-e820: [mem 0x00000000fffe0000-0x00000000ffffffff] reserved
[    0.000000] BIOS-e820: [mem 0x0000000100000000-0x000000023fffffff] usable
[    0.000000] NX (Execute Disable) protection: active
[    0.000000] SMBIOS 2.7 present.
[    0.000000] DMI: VMware, Inc. VMware Virtual Platform/440BX Desktop Reference Platform, BIOS 6.00 11/12/2020
[    0.000000] vmware: hypercall mode: 0x02
[    0.000000] Hypervisor detected: VMware
[    0.000000] vmware: TSC freq read from hypervisor : 3417.604 MHz
[    0.000000] vmware: Host bus clock speed read from hypervisor : 66000000 Hz
[    0.000000] vmware: using clock offset of 3753393254 ns
[    0.000009] tsc: Detected 3417.604 MHz processor
[    0.001029] e820: update [mem 0x00000000-0x00000fff] usable ==> reserved
[    0.001031] e820: remove [mem 0x000a0000-0x000fffff] usable
[    0.001034] last_pfn = 0x240000 max_arch_pfn = 0x400000000
[    0.001053] x86/PAT: Configuration [0-7]: WB  WC  UC- UC  WB  WP  UC- WT  
[    0.001061] total RAM covered: 261120M
[    0.001127]  gran_size: 64K 	chunk_size: 64K 	num_reg: 8  	lose cover RAM: 0G
[    0.001128]  gran_size: 64K 	chunk_size: 128K 	num_reg: 8  	lose cover RAM: 0G
[    0.001129]  gran_size: 64K 	chunk_size: 256K 	num_reg: 8  	lose cover RAM: 0G
[    0.001129]  gran_size: 64K 	chunk_size: 512K 	num_reg: 8  	lose cover RAM: 0G
[    0.001130]  gran_size: 64K 	chunk_size: 1M 	num_reg: 8  	lose cover RAM: 0G
[    0.001131]  gran_size: 64K 	chunk_size: 2M 	num_reg: 8  	lose cover RAM: 0G
[    0.001131]  gran_size: 64K 	chunk_size: 4M 	num_reg: 8  	lose cover RAM: 0G
[    0.001132]  gran_size: 64K 	chunk_size: 8M 	num_reg: 8  	lose cover RAM: 0G
[    0.001132]  gran_size: 64K 	chunk_size: 16M 	num_reg: 8  	lose cover RAM: 0G
[    0.001133]  gran_size: 64K 	chunk_size: 32M 	num_reg: 8  	lose cover RAM: 0G
[    0.001134]  gran_size: 64K 	chunk_size: 64M 	num_reg: 8  	lose cover RAM: 0G
[    0.001134]  gran_size: 64K 	chunk_size: 128M 	num_reg: 8  	lose cover RAM: 0G
[    0.001135]  gran_size: 64K 	chunk_size: 256M 	num_reg: 8  	lose cover RAM: 0G
[    0.001136]  gran_size: 64K 	chunk_size: 512M 	num_reg: 8  	lose cover RAM: 0G
[    0.001136]  gran_size: 64K 	chunk_size: 1G 	num_reg: 8  	lose cover RAM: 0G
[    0.001137]  gran_size: 64K 	chunk_size: 2G 	num_reg: 8  	lose cover RAM: 0G
[    0.001138]  gran_size: 128K 	chunk_size: 128K 	num_reg: 8  	lose cover RAM: 0G
[    0.001138]  gran_size: 128K 	chunk_size: 256K 	num_reg: 8  	lose cover RAM: 0G
[    0.001139]  gran_size: 128K 	chunk_size: 512K 	num_reg: 8  	lose cover RAM: 0G
[    0.001140]  gran_size: 128K 	chunk_size: 1M 	num_reg: 8  	lose cover RAM: 0G
[    0.001140]  gran_size: 128K 	chunk_size: 2M 	num_reg: 8  	lose cover RAM: 0G
[    0.001141]  gran_size: 128K 	chunk_size: 4M 	num_reg: 8  	lose cover RAM: 0G
[    0.001141]  gran_size: 128K 	chunk_size: 8M 	num_reg: 8  	lose cover RAM: 0G
[    0.001142]  gran_size: 128K 	chunk_size: 16M 	num_reg: 8  	lose cover RAM: 0G
[    0.001143]  gran_size: 128K 	chunk_size: 32M 	num_reg: 8  	lose cover RAM: 0G
[    0.001143]  gran_size: 128K 	chunk_size: 64M 	num_reg: 8  	lose cover RAM: 0G
[    0.001144]  gran_size: 128K 	chunk_size: 128M 	num_reg: 8  	lose cover RAM: 0G
[    0.001145]  gran_size: 128K 	chunk_size: 256M 	num_reg: 8  	lose cover RAM: 0G
[    0.001145]  gran_size: 128K 	chunk_size: 512M 	num_reg: 8  	lose cover RAM: 0G
[    0.001146]  gran_size: 128K 	chunk_size: 1G 	num_reg: 8  	lose cover RAM: 0G
[    0.001147]  gran_size: 128K 	chunk_size: 2G 	num_reg: 8  	lose cover RAM: 0G
[    0.001147]  gran_size: 256K 	chunk_size: 256K 	num_reg: 8  	lose cover RAM: 0G
[    0.001148]  gran_size: 256K 	chunk_size: 512K 	num_reg: 8  	lose cover RAM: 0G
[    0.001148]  gran_size: 256K 	chunk_size: 1M 	num_reg: 8  	lose cover RAM: 0G
[    0.001149]  gran_size: 256K 	chunk_size: 2M 	num_reg: 8  	lose cover RAM: 0G
[    0.001150]  gran_size: 256K 	chunk_size: 4M 	num_reg: 8  	lose cover RAM: 0G
[    0.001150]  gran_size: 256K 	chunk_size: 8M 	num_reg: 8  	lose cover RAM: 0G
[    0.001151]  gran_size: 256K 	chunk_size: 16M 	num_reg: 8  	lose cover RAM: 0G
[    0.001152]  gran_size: 256K 	chunk_size: 32M 	num_reg: 8  	lose cover RAM: 0G
[    0.001152]  gran_size: 256K 	chunk_size: 64M 	num_reg: 8  	lose cover RAM: 0G
[    0.001153]  gran_size: 256K 	chunk_size: 128M 	num_reg: 8  	lose cover RAM: 0G
[    0.001154]  gran_size: 256K 	chunk_size: 256M 	num_reg: 8  	lose cover RAM: 0G
[    0.001154]  gran_size: 256K 	chunk_size: 512M 	num_reg: 8  	lose cover RAM: 0G
[    0.001155]  gran_size: 256K 	chunk_size: 1G 	num_reg: 8  	lose cover RAM: 0G
[    0.001155]  gran_size: 256K 	chunk_size: 2G 	num_reg: 8  	lose cover RAM: 0G
[    0.001156]  gran_size: 512K 	chunk_size: 512K 	num_reg: 8  	lose cover RAM: 0G
[    0.001157]  gran_size: 512K 	chunk_size: 1M 	num_reg: 8  	lose cover RAM: 0G
[    0.001157]  gran_size: 512K 	chunk_size: 2M 	num_reg: 8  	lose cover RAM: 0G
[    0.001158]  gran_size: 512K 	chunk_size: 4M 	num_reg: 8  	lose cover RAM: 0G
[    0.001159]  gran_size: 512K 	chunk_size: 8M 	num_reg: 8  	lose cover RAM: 0G
[    0.001159]  gran_size: 512K 	chunk_size: 16M 	num_reg: 8  	lose cover RAM: 0G
[    0.001160]  gran_size: 512K 	chunk_size: 32M 	num_reg: 8  	lose cover RAM: 0G
[    0.001160]  gran_size: 512K 	chunk_size: 64M 	num_reg: 8  	lose cover RAM: 0G
[    0.001161]  gran_size: 512K 	chunk_size: 128M 	num_reg: 8  	lose cover RAM: 0G
[    0.001162]  gran_size: 512K 	chunk_size: 256M 	num_reg: 8  	lose cover RAM: 0G
[    0.001162]  gran_size: 512K 	chunk_size: 512M 	num_reg: 8  	lose cover RAM: 0G
[    0.001163]  gran_size: 512K 	chunk_size: 1G 	num_reg: 8  	lose cover RAM: 0G
[    0.001164]  gran_size: 512K 	chunk_size: 2G 	num_reg: 8  	lose cover RAM: 0G
[    0.001164]  gran_size: 1M 	chunk_size: 1M 	num_reg: 8  	lose cover RAM: 0G
[    0.001165]  gran_size: 1M 	chunk_size: 2M 	num_reg: 8  	lose cover RAM: 0G
[    0.001166]  gran_size: 1M 	chunk_size: 4M 	num_reg: 8  	lose cover RAM: 0G
[    0.001166]  gran_size: 1M 	chunk_size: 8M 	num_reg: 8  	lose cover RAM: 0G
[    0.001167]  gran_size: 1M 	chunk_size: 16M 	num_reg: 8  	lose cover RAM: 0G
[    0.001167]  gran_size: 1M 	chunk_size: 32M 	num_reg: 8  	lose cover RAM: 0G
[    0.001168]  gran_size: 1M 	chunk_size: 64M 	num_reg: 8  	lose cover RAM: 0G
[    0.001169]  gran_size: 1M 	chunk_size: 128M 	num_reg: 8  	lose cover RAM: 0G
[    0.001169]  gran_size: 1M 	chunk_size: 256M 	num_reg: 8  	lose cover RAM: 0G
[    0.001170]  gran_size: 1M 	chunk_size: 512M 	num_reg: 8  	lose cover RAM: 0G
[    0.001171]  gran_size: 1M 	chunk_size: 1G 	num_reg: 8  	lose cover RAM: 0G
[    0.001171]  gran_size: 1M 	chunk_size: 2G 	num_reg: 8  	lose cover RAM: 0G
[    0.001172]  gran_size: 2M 	chunk_size: 2M 	num_reg: 8  	lose cover RAM: 0G
[    0.001172]  gran_size: 2M 	chunk_size: 4M 	num_reg: 8  	lose cover RAM: 0G
[    0.001173]  gran_size: 2M 	chunk_size: 8M 	num_reg: 8  	lose cover RAM: 0G
[    0.001174]  gran_size: 2M 	chunk_size: 16M 	num_reg: 8  	lose cover RAM: 0G
[    0.001174]  gran_size: 2M 	chunk_size: 32M 	num_reg: 8  	lose cover RAM: 0G
[    0.001175]  gran_size: 2M 	chunk_size: 64M 	num_reg: 8  	lose cover RAM: 0G
[    0.001176]  gran_size: 2M 	chunk_size: 128M 	num_reg: 8  	lose cover RAM: 0G
[    0.001176]  gran_size: 2M 	chunk_size: 256M 	num_reg: 8  	lose cover RAM: 0G
[    0.001177]  gran_size: 2M 	chunk_size: 512M 	num_reg: 8  	lose cover RAM: 0G
[    0.001177]  gran_size: 2M 	chunk_size: 1G 	num_reg: 8  	lose cover RAM: 0G
[    0.001178]  gran_size: 2M 	chunk_size: 2G 	num_reg: 8  	lose cover RAM: 0G
[    0.001179]  gran_size: 4M 	chunk_size: 4M 	num_reg: 8  	lose cover RAM: 0G
[    0.001179]  gran_size: 4M 	chunk_size: 8M 	num_reg: 8  	lose cover RAM: 0G
[    0.001180]  gran_size: 4M 	chunk_size: 16M 	num_reg: 8  	lose cover RAM: 0G
[    0.001181]  gran_size: 4M 	chunk_size: 32M 	num_reg: 8  	lose cover RAM: 0G
[    0.001181]  gran_size: 4M 	chunk_size: 64M 	num_reg: 8  	lose cover RAM: 0G
[    0.001182]  gran_size: 4M 	chunk_size: 128M 	num_reg: 8  	lose cover RAM: 0G
[    0.001182]  gran_size: 4M 	chunk_size: 256M 	num_reg: 8  	lose cover RAM: 0G
[    0.001183]  gran_size: 4M 	chunk_size: 512M 	num_reg: 8  	lose cover RAM: 0G
[    0.001184]  gran_size: 4M 	chunk_size: 1G 	num_reg: 8  	lose cover RAM: 0G
[    0.001184]  gran_size: 4M 	chunk_size: 2G 	num_reg: 8  	lose cover RAM: 0G
[    0.001185]  gran_size: 8M 	chunk_size: 8M 	num_reg: 8  	lose cover RAM: 0G
[    0.001185]  gran_size: 8M 	chunk_size: 16M 	num_reg: 8  	lose cover RAM: 0G
[    0.001186]  gran_size: 8M 	chunk_size: 32M 	num_reg: 8  	lose cover RAM: 0G
[    0.001187]  gran_size: 8M 	chunk_size: 64M 	num_reg: 8  	lose cover RAM: 0G
[    0.001187]  gran_size: 8M 	chunk_size: 128M 	num_reg: 8  	lose cover RAM: 0G
[    0.001188]  gran_size: 8M 	chunk_size: 256M 	num_reg: 8  	lose cover RAM: 0G
[    0.001189]  gran_size: 8M 	chunk_size: 512M 	num_reg: 8  	lose cover RAM: 0G
[    0.001189]  gran_size: 8M 	chunk_size: 1G 	num_reg: 8  	lose cover RAM: 0G
[    0.001190]  gran_size: 8M 	chunk_size: 2G 	num_reg: 8  	lose cover RAM: 0G
[    0.001190]  gran_size: 16M 	chunk_size: 16M 	num_reg: 8  	lose cover RAM: 0G
[    0.001191]  gran_size: 16M 	chunk_size: 32M 	num_reg: 8  	lose cover RAM: 0G
[    0.001192]  gran_size: 16M 	chunk_size: 64M 	num_reg: 8  	lose cover RAM: 0G
[    0.001192]  gran_size: 16M 	chunk_size: 128M 	num_reg: 8  	lose cover RAM: 0G
[    0.001193]  gran_size: 16M 	chunk_size: 256M 	num_reg: 8  	lose cover RAM: 0G
[    0.001194]  gran_size: 16M 	chunk_size: 512M 	num_reg: 8  	lose cover RAM: 0G
[    0.001194]  gran_size: 16M 	chunk_size: 1G 	num_reg: 8  	lose cover RAM: 0G
[    0.001195]  gran_size: 16M 	chunk_size: 2G 	num_reg: 8  	lose cover RAM: 0G
[    0.001196]  gran_size: 32M 	chunk_size: 32M 	num_reg: 8  	lose cover RAM: 0G
[    0.001196]  gran_size: 32M 	chunk_size: 64M 	num_reg: 8  	lose cover RAM: 0G
[    0.001197]  gran_size: 32M 	chunk_size: 128M 	num_reg: 8  	lose cover RAM: 0G
[    0.001198]  gran_size: 32M 	chunk_size: 256M 	num_reg: 8  	lose cover RAM: 0G
[    0.001198]  gran_size: 32M 	chunk_size: 512M 	num_reg: 8  	lose cover RAM: 0G
[    0.001199]  gran_size: 32M 	chunk_size: 1G 	num_reg: 8  	lose cover RAM: 0G
[    0.001199]  gran_size: 32M 	chunk_size: 2G 	num_reg: 8  	lose cover RAM: 0G
[    0.001200]  gran_size: 64M 	chunk_size: 64M 	num_reg: 8  	lose cover RAM: 0G
[    0.001201]  gran_size: 64M 	chunk_size: 128M 	num_reg: 8  	lose cover RAM: 0G
[    0.001201]  gran_size: 64M 	chunk_size: 256M 	num_reg: 8  	lose cover RAM: 0G
[    0.001202]  gran_size: 64M 	chunk_size: 512M 	num_reg: 8  	lose cover RAM: 0G
[    0.001203]  gran_size: 64M 	chunk_size: 1G 	num_reg: 8  	lose cover RAM: 0G
[    0.001203]  gran_size: 64M 	chunk_size: 2G 	num_reg: 8  	lose cover RAM: 0G
[    0.001204]  gran_size: 128M 	chunk_size: 128M 	num_reg: 8  	lose cover RAM: 0G
[    0.001205]  gran_size: 128M 	chunk_size: 256M 	num_reg: 8  	lose cover RAM: 0G
[    0.001205]  gran_size: 128M 	chunk_size: 512M 	num_reg: 8  	lose cover RAM: 0G
[    0.001206]  gran_size: 128M 	chunk_size: 1G 	num_reg: 8  	lose cover RAM: 0G
[    0.001206]  gran_size: 128M 	chunk_size: 2G 	num_reg: 8  	lose cover RAM: 0G
[    0.001207]  gran_size: 256M 	chunk_size: 256M 	num_reg: 8  	lose cover RAM: 0G
[    0.001208]  gran_size: 256M 	chunk_size: 512M 	num_reg: 8  	lose cover RAM: 0G
[    0.001208]  gran_size: 256M 	chunk_size: 1G 	num_reg: 8  	lose cover RAM: 0G
[    0.001209]  gran_size: 256M 	chunk_size: 2G 	num_reg: 8  	lose cover RAM: 0G
[    0.001210]  gran_size: 512M 	chunk_size: 512M 	num_reg: 8  	lose cover RAM: 0G
[    0.001210]  gran_size: 512M 	chunk_size: 1G 	num_reg: 8  	lose cover RAM: 0G
[    0.001211]  gran_size: 512M 	chunk_size: 2G 	num_reg: 8  	lose cover RAM: 0G
[    0.001211]  gran_size: 1G 	chunk_size: 1G 	num_reg: 8  	lose cover RAM: 0G
[    0.001212]  gran_size: 1G 	chunk_size: 2G 	num_reg: 8  	lose cover RAM: 0G
[    0.001213]  gran_size: 2G 	chunk_size: 2G 	num_reg: 7  	lose cover RAM: 1G
[    0.001213] mtrr_cleanup: can not find optimal value
[    0.001214] please specify mtrr_gran_size/mtrr_chunk_size
[    0.001218] e820: update [mem 0xc0000000-0xffffffff] usable ==> reserved
[    0.001223] last_pfn = 0xc0000 max_arch_pfn = 0x400000000
[    0.006702] found SMP MP-table at [mem 0x000f6a70-0x000f6a7f]
[    0.006717] Using GB pages for direct mapping
[    0.006718] Incomplete global flushes, disabling PCID
[    0.006772] RAMDISK: [mem 0x2f4bd000-0x33a55fff]
[    0.006776] ACPI: Early table checksum verification disabled
[    0.006779] ACPI: RSDP 0x00000000000F6A00 000024 (v02 PTLTD )
[    0.006782] ACPI: XSDT 0x00000000BFEDB633 00005C (v01 INTEL  440BX    06040000 VMW  01324272)
[    0.006786] ACPI: FACP 0x00000000BFEFEE73 0000F4 (v04 INTEL  440BX    06040000 PTL  000F4240)
[    0.006792] ACPI: DSDT 0x00000000BFEDD001 021E72 (v01 PTLTD  Custom   06040000 MSFT 03000001)
[    0.006796] ACPI: FACS 0x00000000BFEFFFC0 000040
[    0.006797] ACPI: FACS 0x00000000BFEFFFC0 000040
[    0.006799] ACPI: BOOT 0x00000000BFEDCFB4 000028 (v01 PTLTD  $SBFTBL$ 06040000  LTP 00000001)
[    0.006802] ACPI: APIC 0x00000000BFEDC872 000742 (v01 PTLTD  ? APIC   06040000  LTP 00000000)
[    0.006804] ACPI: MCFG 0x00000000BFEDC836 00003C (v01 PTLTD  $PCITBL$ 06040000  LTP 00000001)
[    0.006806] ACPI: SRAT 0x00000000BFEDB72F 0008D0 (v02 VMWARE MEMPLUG  06040000 VMW  00000001)
[    0.006808] ACPI: HPET 0x00000000BFEDB6F7 000038 (v01 VMWARE VMW HPET 06040000 VMW  00000001)
[    0.006810] ACPI: WAET 0x00000000BFEDB6CF 000028 (v01 VMWARE VMW WAET 06040000 VMW  00000001)
[    0.006811] ACPI: Reserving FACP table memory at [mem 0xbfefee73-0xbfefef66]
[    0.006812] ACPI: Reserving DSDT table memory at [mem 0xbfedd001-0xbfefee72]
[    0.006812] ACPI: Reserving FACS table memory at [mem 0xbfefffc0-0xbfefffff]
[    0.006813] ACPI: Reserving FACS table memory at [mem 0xbfefffc0-0xbfefffff]
[    0.006813] ACPI: Reserving BOOT table memory at [mem 0xbfedcfb4-0xbfedcfdb]
[    0.006814] ACPI: Reserving APIC table memory at [mem 0xbfedc872-0xbfedcfb3]
[    0.006814] ACPI: Reserving MCFG table memory at [mem 0xbfedc836-0xbfedc871]
[    0.006814] ACPI: Reserving SRAT table memory at [mem 0xbfedb72f-0xbfedbffe]
[    0.006815] ACPI: Reserving HPET table memory at [mem 0xbfedb6f7-0xbfedb72e]
[    0.006815] ACPI: Reserving WAET table memory at [mem 0xbfedb6cf-0xbfedb6f6]
[    0.006835] system APIC only can use physical flat
[    0.006835] Setting APIC routing to physical flat.
[    0.006861] SRAT: PXM 0 -> APIC 0x00 -> Node 0
[    0.006862] SRAT: PXM 0 -> APIC 0x01 -> Node 0
[    0.006863] SRAT: PXM 0 -> APIC 0x02 -> Node 0
[    0.006863] SRAT: PXM 0 -> APIC 0x04 -> Node 0
[    0.006863] SRAT: PXM 0 -> APIC 0x05 -> Node 0
[    0.006864] SRAT: PXM 0 -> APIC 0x06 -> Node 0
[    0.006864] SRAT: PXM 0 -> APIC 0x08 -> Node 0
[    0.006864] SRAT: PXM 0 -> APIC 0x09 -> Node 0
[    0.006865] SRAT: PXM 0 -> APIC 0x0a -> Node 0
[    0.006865] SRAT: PXM 0 -> APIC 0x0c -> Node 0
[    0.006865] SRAT: PXM 0 -> APIC 0x0d -> Node 0
[    0.006866] SRAT: PXM 0 -> APIC 0x0e -> Node 0
[    0.006866] SRAT: PXM 0 -> APIC 0x10 -> Node 0
[    0.006866] SRAT: PXM 0 -> APIC 0x11 -> Node 0
[    0.006867] SRAT: PXM 0 -> APIC 0x12 -> Node 0
[    0.006867] SRAT: PXM 0 -> APIC 0x14 -> Node 0
[    0.006867] SRAT: PXM 0 -> APIC 0x15 -> Node 0
[    0.006868] SRAT: PXM 0 -> APIC 0x16 -> Node 0
[    0.006868] SRAT: PXM 0 -> APIC 0x18 -> Node 0
[    0.006868] SRAT: PXM 0 -> APIC 0x19 -> Node 0
[    0.006869] SRAT: PXM 0 -> APIC 0x1a -> Node 0
[    0.006869] SRAT: PXM 0 -> APIC 0x1c -> Node 0
[    0.006869] SRAT: PXM 0 -> APIC 0x1d -> Node 0
[    0.006870] SRAT: PXM 0 -> APIC 0x1e -> Node 0
[    0.006870] SRAT: PXM 0 -> APIC 0x20 -> Node 0
[    0.006870] SRAT: PXM 0 -> APIC 0x21 -> Node 0
[    0.006871] SRAT: PXM 0 -> APIC 0x22 -> Node 0
[    0.006871] SRAT: PXM 0 -> APIC 0x24 -> Node 0
[    0.006871] SRAT: PXM 0 -> APIC 0x25 -> Node 0
[    0.006872] SRAT: PXM 0 -> APIC 0x26 -> Node 0
[    0.006872] SRAT: PXM 0 -> APIC 0x28 -> Node 0
[    0.006872] SRAT: PXM 0 -> APIC 0x29 -> Node 0
[    0.006873] SRAT: PXM 0 -> APIC 0x2a -> Node 0
[    0.006873] SRAT: PXM 0 -> APIC 0x2c -> Node 0
[    0.006873] SRAT: PXM 0 -> APIC 0x2d -> Node 0
[    0.006873] SRAT: PXM 0 -> APIC 0x2e -> Node 0
[    0.006874] SRAT: PXM 0 -> APIC 0x30 -> Node 0
[    0.006874] SRAT: PXM 0 -> APIC 0x31 -> Node 0
[    0.006874] SRAT: PXM 0 -> APIC 0x32 -> Node 0
[    0.006875] SRAT: PXM 0 -> APIC 0x34 -> Node 0
[    0.006875] SRAT: PXM 0 -> APIC 0x35 -> Node 0
[    0.006875] SRAT: PXM 0 -> APIC 0x36 -> Node 0
[    0.006876] SRAT: PXM 0 -> APIC 0x38 -> Node 0
[    0.006876] SRAT: PXM 0 -> APIC 0x39 -> Node 0
[    0.006876] SRAT: PXM 0 -> APIC 0x3a -> Node 0
[    0.006877] SRAT: PXM 0 -> APIC 0x3c -> Node 0
[    0.006877] SRAT: PXM 0 -> APIC 0x3d -> Node 0
[    0.006877] SRAT: PXM 0 -> APIC 0x3e -> Node 0
[    0.006878] SRAT: PXM 0 -> APIC 0x40 -> Node 0
[    0.006878] SRAT: PXM 0 -> APIC 0x41 -> Node 0
[    0.006878] SRAT: PXM 0 -> APIC 0x42 -> Node 0
[    0.006879] SRAT: PXM 0 -> APIC 0x44 -> Node 0
[    0.006879] SRAT: PXM 0 -> APIC 0x45 -> Node 0
[    0.006879] SRAT: PXM 0 -> APIC 0x46 -> Node 0
[    0.006880] SRAT: PXM 0 -> APIC 0x48 -> Node 0
[    0.006880] SRAT: PXM 0 -> APIC 0x49 -> Node 0
[    0.006880] SRAT: PXM 0 -> APIC 0x4a -> Node 0
[    0.006881] SRAT: PXM 0 -> APIC 0x4c -> Node 0
[    0.006881] SRAT: PXM 0 -> APIC 0x4d -> Node 0
[    0.006881] SRAT: PXM 0 -> APIC 0x4e -> Node 0
[    0.006882] SRAT: PXM 0 -> APIC 0x50 -> Node 0
[    0.006882] SRAT: PXM 0 -> APIC 0x51 -> Node 0
[    0.006882] SRAT: PXM 0 -> APIC 0x52 -> Node 0
[    0.006883] SRAT: PXM 0 -> APIC 0x54 -> Node 0
[    0.006883] SRAT: PXM 0 -> APIC 0x55 -> Node 0
[    0.006883] SRAT: PXM 0 -> APIC 0x56 -> Node 0
[    0.006884] SRAT: PXM 0 -> APIC 0x58 -> Node 0
[    0.006884] SRAT: PXM 0 -> APIC 0x59 -> Node 0
[    0.006884] SRAT: PXM 0 -> APIC 0x5a -> Node 0
[    0.006885] SRAT: PXM 0 -> APIC 0x5c -> Node 0
[    0.006885] SRAT: PXM 0 -> APIC 0x5d -> Node 0
[    0.006885] SRAT: PXM 0 -> APIC 0x5e -> Node 0
[    0.006886] SRAT: PXM 0 -> APIC 0x60 -> Node 0
[    0.006886] SRAT: PXM 0 -> APIC 0x61 -> Node 0
[    0.006886] SRAT: PXM 0 -> APIC 0x62 -> Node 0
[    0.006887] SRAT: PXM 0 -> APIC 0x64 -> Node 0
[    0.006887] SRAT: PXM 0 -> APIC 0x65 -> Node 0
[    0.006887] SRAT: PXM 0 -> APIC 0x66 -> Node 0
[    0.006888] SRAT: PXM 0 -> APIC 0x68 -> Node 0
[    0.006888] SRAT: PXM 0 -> APIC 0x69 -> Node 0
[    0.006888] SRAT: PXM 0 -> APIC 0x6a -> Node 0
[    0.006889] SRAT: PXM 0 -> APIC 0x6c -> Node 0
[    0.006889] SRAT: PXM 0 -> APIC 0x6d -> Node 0
[    0.006889] SRAT: PXM 0 -> APIC 0x6e -> Node 0
[    0.006890] SRAT: PXM 0 -> APIC 0x70 -> Node 0
[    0.006890] SRAT: PXM 0 -> APIC 0x71 -> Node 0
[    0.006890] SRAT: PXM 0 -> APIC 0x72 -> Node 0
[    0.006891] SRAT: PXM 0 -> APIC 0x74 -> Node 0
[    0.006891] SRAT: PXM 0 -> APIC 0x75 -> Node 0
[    0.006891] SRAT: PXM 0 -> APIC 0x76 -> Node 0
[    0.006892] SRAT: PXM 0 -> APIC 0x78 -> Node 0
[    0.006892] SRAT: PXM 0 -> APIC 0x79 -> Node 0
[    0.006892] SRAT: PXM 0 -> APIC 0x7a -> Node 0
[    0.006893] SRAT: PXM 0 -> APIC 0x7c -> Node 0
[    0.006893] SRAT: PXM 0 -> APIC 0x7d -> Node 0
[    0.006893] SRAT: PXM 0 -> APIC 0x7e -> Node 0
[    0.006894] SRAT: PXM 0 -> APIC 0x80 -> Node 0
[    0.006894] SRAT: PXM 0 -> APIC 0x81 -> Node 0
[    0.006894] SRAT: PXM 0 -> APIC 0x82 -> Node 0
[    0.006895] SRAT: PXM 0 -> APIC 0x84 -> Node 0
[    0.006895] SRAT: PXM 0 -> APIC 0x85 -> Node 0
[    0.006895] SRAT: PXM 0 -> APIC 0x86 -> Node 0
[    0.006896] SRAT: PXM 0 -> APIC 0x88 -> Node 0
[    0.006896] SRAT: PXM 0 -> APIC 0x89 -> Node 0
[    0.006897] SRAT: PXM 0 -> APIC 0x8a -> Node 0
[    0.006897] SRAT: PXM 0 -> APIC 0x8c -> Node 0
[    0.006898] SRAT: PXM 0 -> APIC 0x8d -> Node 0
[    0.006898] SRAT: PXM 0 -> APIC 0x8e -> Node 0
[    0.006899] SRAT: PXM 0 -> APIC 0x90 -> Node 0
[    0.006899] SRAT: PXM 0 -> APIC 0x91 -> Node 0
[    0.006900] SRAT: PXM 0 -> APIC 0x92 -> Node 0
[    0.006900] SRAT: PXM 0 -> APIC 0x94 -> Node 0
[    0.006900] SRAT: PXM 0 -> APIC 0x95 -> Node 0
[    0.006901] SRAT: PXM 0 -> APIC 0x96 -> Node 0
[    0.006901] SRAT: PXM 0 -> APIC 0x98 -> Node 0
[    0.006902] SRAT: PXM 0 -> APIC 0x99 -> Node 0
[    0.006902] SRAT: PXM 0 -> APIC 0x9a -> Node 0
[    0.006903] SRAT: PXM 0 -> APIC 0x9c -> Node 0
[    0.006903] SRAT: PXM 0 -> APIC 0x9d -> Node 0
[    0.006903] SRAT: PXM 0 -> APIC 0x9e -> Node 0
[    0.006904] SRAT: PXM 0 -> APIC 0xa0 -> Node 0
[    0.006904] SRAT: PXM 0 -> APIC 0xa1 -> Node 0
[    0.006904] SRAT: PXM 0 -> APIC 0xa2 -> Node 0
[    0.006905] SRAT: PXM 0 -> APIC 0xa4 -> Node 0
[    0.006905] SRAT: PXM 0 -> APIC 0xa5 -> Node 0
[    0.006905] SRAT: PXM 0 -> APIC 0xa6 -> Node 0
[    0.006906] SRAT: PXM 0 -> APIC 0xa8 -> Node 0
[    0.006906] SRAT: PXM 0 -> APIC 0xa9 -> Node 0
[    0.006908] ACPI: SRAT: Node 0 PXM 0 [mem 0x00000000-0x0009ffff]
[    0.006909] ACPI: SRAT: Node 0 PXM 0 [mem 0x00100000-0xbfffffff]
[    0.006910] ACPI: SRAT: Node 0 PXM 0 [mem 0x100000000-0x23fffffff]
[    0.006910] ACPI: SRAT: Node 0 PXM 0 [mem 0x240000000-0x203fffffff] hotplug
[    0.006912] NUMA: Node 0 [mem 0x00000000-0x0009ffff] + [mem 0x00100000-0xbfffffff] -> [mem 0x00000000-0xbfffffff]
[    0.006913] NUMA: Node 0 [mem 0x00000000-0xbfffffff] + [mem 0x100000000-0x23fffffff] -> [mem 0x00000000-0x23fffffff]
[    0.006917] NODE_DATA(0) allocated [mem 0x23ffd5000-0x23fffffff]
[    0.007574] Zone ranges:
[    0.007574]   DMA      [mem 0x0000000000001000-0x0000000000ffffff]
[    0.007575]   DMA32    [mem 0x0000000001000000-0x00000000ffffffff]
[    0.007576]   Normal   [mem 0x0000000100000000-0x000000023fffffff]
[    0.007577]   Device   empty
[    0.007577] Movable zone start for each node
[    0.007578] Early memory node ranges
[    0.007579]   node   0: [mem 0x0000000000001000-0x000000000009dfff]
[    0.007579]   node   0: [mem 0x0000000000100000-0x00000000bfecffff]
[    0.007580]   node   0: [mem 0x00000000bff00000-0x00000000bfffffff]
[    0.007580]   node   0: [mem 0x0000000100000000-0x000000023fffffff]
[    0.007581] Initmem setup node 0 [mem 0x0000000000001000-0x000000023fffffff]
[    0.007620] On node 0, zone DMA: 1 pages in unavailable ranges
[    0.008118] On node 0, zone DMA: 98 pages in unavailable ranges
[    0.104662] On node 0, zone DMA32: 48 pages in unavailable ranges
[    0.266004] ACPI: PM-Timer IO Port: 0x1008
[    0.266013] system APIC only can use physical flat
[    0.266021] ACPI: LAPIC_NMI (acpi_id[0x00] high edge lint[0x1])
[    0.266022] ACPI: LAPIC_NMI (acpi_id[0x01] high edge lint[0x1])
[    0.266023] ACPI: LAPIC_NMI (acpi_id[0x02] high edge lint[0x1])
[    0.266023] ACPI: LAPIC_NMI (acpi_id[0x03] high edge lint[0x1])
[    0.266024] ACPI: LAPIC_NMI (acpi_id[0x04] high edge lint[0x1])
[    0.266024] ACPI: LAPIC_NMI (acpi_id[0x05] high edge lint[0x1])
[    0.266024] ACPI: LAPIC_NMI (acpi_id[0x06] high edge lint[0x1])
[    0.266025] ACPI: LAPIC_NMI (acpi_id[0x07] high edge lint[0x1])
[    0.266025] ACPI: LAPIC_NMI (acpi_id[0x08] high edge lint[0x1])
[    0.266025] ACPI: LAPIC_NMI (acpi_id[0x09] high edge lint[0x1])
[    0.266026] ACPI: LAPIC_NMI (acpi_id[0x0a] high edge lint[0x1])
[    0.266026] ACPI: LAPIC_NMI (acpi_id[0x0b] high edge lint[0x1])
[    0.266026] ACPI: LAPIC_NMI (acpi_id[0x0c] high edge lint[0x1])
[    0.266027] ACPI: LAPIC_NMI (acpi_id[0x0d] high edge lint[0x1])
[    0.266027] ACPI: LAPIC_NMI (acpi_id[0x0e] high edge lint[0x1])
[    0.266027] ACPI: LAPIC_NMI (acpi_id[0x0f] high edge lint[0x1])
[    0.266028] ACPI: LAPIC_NMI (acpi_id[0x10] high edge lint[0x1])
[    0.266028] ACPI: LAPIC_NMI (acpi_id[0x11] high edge lint[0x1])
[    0.266028] ACPI: LAPIC_NMI (acpi_id[0x12] high edge lint[0x1])
[    0.266029] ACPI: LAPIC_NMI (acpi_id[0x13] high edge lint[0x1])
[    0.266029] ACPI: LAPIC_NMI (acpi_id[0x14] high edge lint[0x1])
[    0.266030] ACPI: LAPIC_NMI (acpi_id[0x15] high edge lint[0x1])
[    0.266030] ACPI: LAPIC_NMI (acpi_id[0x16] high edge lint[0x1])
[    0.266030] ACPI: LAPIC_NMI (acpi_id[0x17] high edge lint[0x1])
[    0.266031] ACPI: LAPIC_NMI (acpi_id[0x18] high edge lint[0x1])
[    0.266031] ACPI: LAPIC_NMI (acpi_id[0x19] high edge lint[0x1])
[    0.266031] ACPI: LAPIC_NMI (acpi_id[0x1a] high edge lint[0x1])
[    0.266032] ACPI: LAPIC_NMI (acpi_id[0x1b] high edge lint[0x1])
[    0.266032] ACPI: LAPIC_NMI (acpi_id[0x1c] high edge lint[0x1])
[    0.266032] ACPI: LAPIC_NMI (acpi_id[0x1d] high edge lint[0x1])
[    0.266033] ACPI: LAPIC_NMI (acpi_id[0x1e] high edge lint[0x1])
[    0.266033] ACPI: LAPIC_NMI (acpi_id[0x1f] high edge lint[0x1])
[    0.266033] ACPI: LAPIC_NMI (acpi_id[0x20] high edge lint[0x1])
[    0.266034] ACPI: LAPIC_NMI (acpi_id[0x21] high edge lint[0x1])
[    0.266034] ACPI: LAPIC_NMI (acpi_id[0x22] high edge lint[0x1])
[    0.266035] ACPI: LAPIC_NMI (acpi_id[0x23] high edge lint[0x1])
[    0.266035] ACPI: LAPIC_NMI (acpi_id[0x24] high edge lint[0x1])
[    0.266035] ACPI: LAPIC_NMI (acpi_id[0x25] high edge lint[0x1])
[    0.266036] ACPI: LAPIC_NMI (acpi_id[0x26] high edge lint[0x1])
[    0.266036] ACPI: LAPIC_NMI (acpi_id[0x27] high edge lint[0x1])
[    0.266036] ACPI: LAPIC_NMI (acpi_id[0x28] high edge lint[0x1])
[    0.266037] ACPI: LAPIC_NMI (acpi_id[0x29] high edge lint[0x1])
[    0.266037] ACPI: LAPIC_NMI (acpi_id[0x2a] high edge lint[0x1])
[    0.266037] ACPI: LAPIC_NMI (acpi_id[0x2b] high edge lint[0x1])
[    0.266038] ACPI: LAPIC_NMI (acpi_id[0x2c] high edge lint[0x1])
[    0.266038] ACPI: LAPIC_NMI (acpi_id[0x2d] high edge lint[0x1])
[    0.266038] ACPI: LAPIC_NMI (acpi_id[0x2e] high edge lint[0x1])
[    0.266039] ACPI: LAPIC_NMI (acpi_id[0x2f] high edge lint[0x1])
[    0.266039] ACPI: LAPIC_NMI (acpi_id[0x30] high edge lint[0x1])
[    0.266039] ACPI: LAPIC_NMI (acpi_id[0x31] high edge lint[0x1])
[    0.266040] ACPI: LAPIC_NMI (acpi_id[0x32] high edge lint[0x1])
[    0.266040] ACPI: LAPIC_NMI (acpi_id[0x33] high edge lint[0x1])
[    0.266041] ACPI: LAPIC_NMI (acpi_id[0x34] high edge lint[0x1])
[    0.266041] ACPI: LAPIC_NMI (acpi_id[0x35] high edge lint[0x1])
[    0.266041] ACPI: LAPIC_NMI (acpi_id[0x36] high edge lint[0x1])
[    0.266042] ACPI: LAPIC_NMI (acpi_id[0x37] high edge lint[0x1])
[    0.266042] ACPI: LAPIC_NMI (acpi_id[0x38] high edge lint[0x1])
[    0.266042] ACPI: LAPIC_NMI (acpi_id[0x39] high edge lint[0x1])
[    0.266043] ACPI: LAPIC_NMI (acpi_id[0x3a] high edge lint[0x1])
[    0.266043] ACPI: LAPIC_NMI (acpi_id[0x3b] high edge lint[0x1])
[    0.266043] ACPI: LAPIC_NMI (acpi_id[0x3c] high edge lint[0x1])
[    0.266044] ACPI: LAPIC_NMI (acpi_id[0x3d] high edge lint[0x1])
[    0.266044] ACPI: LAPIC_NMI (acpi_id[0x3e] high edge lint[0x1])
[    0.266045] ACPI: LAPIC_NMI (acpi_id[0x3f] high edge lint[0x1])
[    0.266045] ACPI: LAPIC_NMI (acpi_id[0x40] high edge lint[0x1])
[    0.266045] ACPI: LAPIC_NMI (acpi_id[0x41] high edge lint[0x1])
[    0.266046] ACPI: LAPIC_NMI (acpi_id[0x42] high edge lint[0x1])
[    0.266046] ACPI: LAPIC_NMI (acpi_id[0x43] high edge lint[0x1])
[    0.266046] ACPI: LAPIC_NMI (acpi_id[0x44] high edge lint[0x1])
[    0.266047] ACPI: LAPIC_NMI (acpi_id[0x45] high edge lint[0x1])
[    0.266047] ACPI: LAPIC_NMI (acpi_id[0x46] high edge lint[0x1])
[    0.266047] ACPI: LAPIC_NMI (acpi_id[0x47] high edge lint[0x1])
[    0.266048] ACPI: LAPIC_NMI (acpi_id[0x48] high edge lint[0x1])
[    0.266048] ACPI: LAPIC_NMI (acpi_id[0x49] high edge lint[0x1])
[    0.266048] ACPI: LAPIC_NMI (acpi_id[0x4a] high edge lint[0x1])
[    0.266049] ACPI: LAPIC_NMI (acpi_id[0x4b] high edge lint[0x1])
[    0.266049] ACPI: LAPIC_NMI (acpi_id[0x4c] high edge lint[0x1])
[    0.266049] ACPI: LAPIC_NMI (acpi_id[0x4d] high edge lint[0x1])
[    0.266050] ACPI: LAPIC_NMI (acpi_id[0x4e] high edge lint[0x1])
[    0.266050] ACPI: LAPIC_NMI (acpi_id[0x4f] high edge lint[0x1])
[    0.266051] ACPI: LAPIC_NMI (acpi_id[0x50] high edge lint[0x1])
[    0.266051] ACPI: LAPIC_NMI (acpi_id[0x51] high edge lint[0x1])
[    0.266051] ACPI: LAPIC_NMI (acpi_id[0x52] high edge lint[0x1])
[    0.266052] ACPI: LAPIC_NMI (acpi_id[0x53] high edge lint[0x1])
[    0.266052] ACPI: LAPIC_NMI (acpi_id[0x54] high edge lint[0x1])
[    0.266052] ACPI: LAPIC_NMI (acpi_id[0x55] high edge lint[0x1])
[    0.266053] ACPI: LAPIC_NMI (acpi_id[0x56] high edge lint[0x1])
[    0.266053] ACPI: LAPIC_NMI (acpi_id[0x57] high edge lint[0x1])
[    0.266053] ACPI: LAPIC_NMI (acpi_id[0x58] high edge lint[0x1])
[    0.266054] ACPI: LAPIC_NMI (acpi_id[0x59] high edge lint[0x1])
[    0.266054] ACPI: LAPIC_NMI (acpi_id[0x5a] high edge lint[0x1])
[    0.266054] ACPI: LAPIC_NMI (acpi_id[0x5b] high edge lint[0x1])
[    0.266055] ACPI: LAPIC_NMI (acpi_id[0x5c] high edge lint[0x1])
[    0.266055] ACPI: LAPIC_NMI (acpi_id[0x5d] high edge lint[0x1])
[    0.266055] ACPI: LAPIC_NMI (acpi_id[0x5e] high edge lint[0x1])
[    0.266056] ACPI: LAPIC_NMI (acpi_id[0x5f] high edge lint[0x1])
[    0.266056] ACPI: LAPIC_NMI (acpi_id[0x60] high edge lint[0x1])
[    0.266056] ACPI: LAPIC_NMI (acpi_id[0x61] high edge lint[0x1])
[    0.266057] ACPI: LAPIC_NMI (acpi_id[0x62] high edge lint[0x1])
[    0.266057] ACPI: LAPIC_NMI (acpi_id[0x63] high edge lint[0x1])
[    0.266058] ACPI: LAPIC_NMI (acpi_id[0x64] high edge lint[0x1])
[    0.266058] ACPI: LAPIC_NMI (acpi_id[0x65] high edge lint[0x1])
[    0.266058] ACPI: LAPIC_NMI (acpi_id[0x66] high edge lint[0x1])
[    0.266059] ACPI: LAPIC_NMI (acpi_id[0x67] high edge lint[0x1])
[    0.266059] ACPI: LAPIC_NMI (acpi_id[0x68] high edge lint[0x1])
[    0.266059] ACPI: LAPIC_NMI (acpi_id[0x69] high edge lint[0x1])
[    0.266060] ACPI: LAPIC_NMI (acpi_id[0x6a] high edge lint[0x1])
[    0.266060] ACPI: LAPIC_NMI (acpi_id[0x6b] high edge lint[0x1])
[    0.266060] ACPI: LAPIC_NMI (acpi_id[0x6c] high edge lint[0x1])
[    0.266061] ACPI: LAPIC_NMI (acpi_id[0x6d] high edge lint[0x1])
[    0.266061] ACPI: LAPIC_NMI (acpi_id[0x6e] high edge lint[0x1])
[    0.266061] ACPI: LAPIC_NMI (acpi_id[0x6f] high edge lint[0x1])
[    0.266062] ACPI: LAPIC_NMI (acpi_id[0x70] high edge lint[0x1])
[    0.266062] ACPI: LAPIC_NMI (acpi_id[0x71] high edge lint[0x1])
[    0.266062] ACPI: LAPIC_NMI (acpi_id[0x72] high edge lint[0x1])
[    0.266063] ACPI: LAPIC_NMI (acpi_id[0x73] high edge lint[0x1])
[    0.266063] ACPI: LAPIC_NMI (acpi_id[0x74] high edge lint[0x1])
[    0.266064] ACPI: LAPIC_NMI (acpi_id[0x75] high edge lint[0x1])
[    0.266064] ACPI: LAPIC_NMI (acpi_id[0x76] high edge lint[0x1])
[    0.266064] ACPI: LAPIC_NMI (acpi_id[0x77] high edge lint[0x1])
[    0.266065] ACPI: LAPIC_NMI (acpi_id[0x78] high edge lint[0x1])
[    0.266065] ACPI: LAPIC_NMI (acpi_id[0x79] high edge lint[0x1])
[    0.266065] ACPI: LAPIC_NMI (acpi_id[0x7a] high edge lint[0x1])
[    0.266066] ACPI: LAPIC_NMI (acpi_id[0x7b] high edge lint[0x1])
[    0.266066] ACPI: LAPIC_NMI (acpi_id[0x7c] high edge lint[0x1])
[    0.266066] ACPI: LAPIC_NMI (acpi_id[0x7d] high edge lint[0x1])
[    0.266067] ACPI: LAPIC_NMI (acpi_id[0x7e] high edge lint[0x1])
[    0.266067] ACPI: LAPIC_NMI (acpi_id[0x7f] high edge lint[0x1])
[    0.266090] IOAPIC[0]: apic_id 3, version 32, address 0xfec00000, GSI 0-23
[    0.266093] ACPI: INT_SRC_OVR (bus 0 bus_irq 0 global_irq 2 high edge)
[    0.266098] ACPI: Using ACPI (MADT) for SMP configuration information
[    0.266099] ACPI: HPET id: 0x8086af01 base: 0xfed00000
[    0.266105] TSC deadline timer available
[    0.266106] smpboot: Allowing 6 CPUs, 0 hotplug CPUs
[    0.266136] PM: hibernation: Registered nosave memory: [mem 0x00000000-0x00000fff]
[    0.266138] PM: hibernation: Registered nosave memory: [mem 0x0009e000-0x0009efff]
[    0.266138] PM: hibernation: Registered nosave memory: [mem 0x0009f000-0x0009ffff]
[    0.266139] PM: hibernation: Registered nosave memory: [mem 0x000a0000-0x000dbfff]
[    0.266139] PM: hibernation: Registered nosave memory: [mem 0x000dc000-0x000fffff]
[    0.266139] PM: hibernation: Registered nosave memory: [mem 0xbfed0000-0xbfefefff]
[    0.266140] PM: hibernation: Registered nosave memory: [mem 0xbfeff000-0xbfefffff]
[    0.266141] PM: hibernation: Registered nosave memory: [mem 0xc0000000-0xefffffff]
[    0.266141] PM: hibernation: Registered nosave memory: [mem 0xf0000000-0xf7ffffff]
[    0.266141] PM: hibernation: Registered nosave memory: [mem 0xf8000000-0xfebfffff]
[    0.266142] PM: hibernation: Registered nosave memory: [mem 0xfec00000-0xfec0ffff]
[    0.266142] PM: hibernation: Registered nosave memory: [mem 0xfec10000-0xfedfffff]
[    0.266142] PM: hibernation: Registered nosave memory: [mem 0xfee00000-0xfee00fff]
[    0.266143] PM: hibernation: Registered nosave memory: [mem 0xfee01000-0xfffdffff]
[    0.266143] PM: hibernation: Registered nosave memory: [mem 0xfffe0000-0xffffffff]
[    0.266144] [mem 0xc0000000-0xefffffff] available for PCI devices
[    0.266145] Booting paravirtualized kernel on VMware hypervisor
[    0.266148] clocksource: refined-jiffies: mask: 0xffffffff max_cycles: 0xffffffff, max_idle_ns: 7645519600211568 ns
[    0.266155] setup_percpu: NR_CPUS:8192 nr_cpumask_bits:6 nr_cpu_ids:6 nr_node_ids:1
[    0.270248] percpu: Embedded 61 pages/cpu s212992 r8192 d28672 u262144
[    0.270253] pcpu-alloc: s212992 r8192 d28672 u262144 alloc=1*2097152
[    0.270255] pcpu-alloc: [0] 0 1 2 3 4 5 - - 
[    0.270306] Fallback order for Node 0: 0 
[    0.270309] Built 1 zonelists, mobility grouping on.  Total pages: 2064080
[    0.270311] Policy zone: Normal
[    0.270312] Kernel command line: BOOT_IMAGE=/boot/vmlinuz-5.19.0-50-generic root=UUID=c612be2b-648d-45be-a127-1a9cc23dac69 ro find_preseed=/preseed.cfg auto noprompt priority=critical locale=en_US quiet splash
[    0.270394] Unknown kernel command line parameters "auto noprompt splash BOOT_IMAGE=/boot/vmlinuz-5.19.0-50-generic find_preseed=/preseed.cfg priority=critical locale=en_US", will be passed to user space.
[    0.286103] Dentry cache hash table entries: 1048576 (order: 11, 8388608 bytes, linear)
[    0.294099] Inode-cache hash table entries: 524288 (order: 10, 4194304 bytes, linear)
[    0.294195] mem auto-init: stack:off, heap alloc:on, heap free:off
[    0.375701] Memory: 8047096K/8388020K available (18440K kernel code, 4085K rwdata, 11308K rodata, 3176K init, 17152K bss, 340664K reserved, 0K cma-reserved)
[    0.376226] SLUB: HWalign=64, Order=0-3, MinObjects=0, CPUs=6, Nodes=1
[    0.376271] ftrace: allocating 52252 entries in 205 pages
[    0.383892] ftrace: allocated 205 pages with 5 groups
[    0.385072] Dynamic Preempt: voluntary
[    0.385153] rcu: Preemptible hierarchical RCU implementation.
[    0.385154] rcu: 	RCU restricting CPUs from NR_CPUS=8192 to nr_cpu_ids=6.
[    0.385155] 	Trampoline variant of Tasks RCU enabled.
[    0.385155] 	Rude variant of Tasks RCU enabled.
[    0.385156] 	Tracing variant of Tasks RCU enabled.
[    0.385156] rcu: RCU calculated value of scheduler-enlistment delay is 25 jiffies.
[    0.385157] rcu: Adjusting geometry for rcu_fanout_leaf=16, nr_cpu_ids=6
[    0.388677] NR_IRQS: 524544, nr_irqs: 472, preallocated irqs: 16
[    0.388897] rcu: srcu_init: Setting srcu_struct sizes based on contention.
[    0.388968] random: crng init done
[    0.389971] Console: colour VGA+ 80x25
[    0.389987] printk: console [tty0] enabled
[    0.390018] ACPI: Core revision 20220331
[    0.390358] clocksource: hpet: mask: 0xffffffff max_cycles: 0xffffffff, max_idle_ns: 133484882848 ns
[    0.390407] APIC: Switch to symmetric I/O mode setup
[    0.390739] x2apic enabled
[    0.390884] Switched APIC routing to physical x2apic.
[    0.391529] ..TIMER: vector=0x30 apic1=0 pin1=2 apic2=-1 pin2=-1
[    0.391545] clocksource: tsc-early: mask: 0xffffffffffffffff max_cycles: 0x314344704bf, max_idle_ns: 440795271204 ns
[    0.391548] Calibrating delay loop (skipped) preset value.. 6835.20 BogoMIPS (lpj=13670416)
[    0.391550] pid_max: default: 32768 minimum: 301
[    0.391580] LSM: Security Framework initializing
[    0.391585] landlock: Up and running.
[    0.391586] Yama: becoming mindful.
[    0.391690] AppArmor: AppArmor initialized
[    0.391970] Mount-cache hash table entries: 16384 (order: 5, 131072 bytes, linear)
[    0.392212] Mountpoint-cache hash table entries: 16384 (order: 5, 131072 bytes, linear)
[    0.392860] x86/cpu: User Mode Instruction Prevention (UMIP) activated
[    0.392907] Last level iTLB entries: 4KB 0, 2MB 0, 4MB 0
[    0.392908] Last level dTLB entries: 4KB 0, 2MB 0, 4MB 0, 1GB 0
[    0.392911] Spectre V1 : Mitigation: usercopy/swapgs barriers and __user pointer sanitization
[    0.392994] Spectre V2 : Mitigation: Enhanced IBRS
[    0.392995] Spectre V2 : Spectre v2 / SpectreRSB mitigation: Filling RSB on context switch
[    0.392995] Spectre V2 : Spectre v2 / PBRSB-eIBRS: Retire a single CALL on VMEXIT
[    0.392996] Spectre V2 : mitigation: Enabling conditional Indirect Branch Prediction Barrier
[    0.392997] Speculative Store Bypass: Mitigation: Speculative Store Bypass disabled via prctl
[    0.392997] MMIO Stale Data: Unknown: No mitigations
[    0.405730] Freeing SMP alternatives memory: 44K
[    0.408007] smpboot: CPU0: 13th Gen Intel(R) Core(TM) i7-13700KF (family: 0x6, model: 0xb7, stepping: 0x1)
[    0.408536] cblist_init_generic: Setting adjustable number of callback queues.
[    0.408538] cblist_init_generic: Setting shift to 3 and lim to 1.
[    0.408581] cblist_init_generic: Setting shift to 3 and lim to 1.
[    0.408623] cblist_init_generic: Setting shift to 3 and lim to 1.
[    0.408729] Performance Events: Alderlake Hybrid events, core PMU driver.
[    0.408798] core: CPUID marked event: 'cpu cycles' unavailable
[    0.408798] core: CPUID marked event: 'instructions' unavailable
[    0.408799] core: CPUID marked event: 'bus cycles' unavailable
[    0.408799] core: CPUID marked event: 'cache references' unavailable
[    0.408799] core: CPUID marked event: 'cache misses' unavailable
[    0.408799] core: CPUID marked event: 'branch instructions' unavailable
[    0.408800] core: CPUID marked event: 'branch misses' unavailable
[    0.408824] core: cpu_core PMU driver: 
[    0.408824] ... version:                1
[    0.408825] ... bit width:              48
[    0.408825] ... generic registers:      6
[    0.408825] ... value mask:             0000ffffffffffff
[    0.408826] ... max period:             000000007fffffff
[    0.408826] ... fixed-purpose events:   0
[    0.408826] ... event mask:             0001000f0000003f
[    0.408894] rcu: Hierarchical SRCU implementation.
[    0.408894] rcu: 	Max phase no-delay instances is 1000.
[    0.409540] NMI watchdog: Perf NMI watchdog permanently disabled
[    0.409924] smp: Bringing up secondary CPUs ...
[    0.410511] x86: Booting SMP configuration:
[    0.410512] .... node  #0, CPUs:      #1 #2 #3
[    0.006593] smpboot: CPU 3 Converting physical 0 to logical die 1
[    0.412687]  #4 #5
[    0.415676] smp: Brought up 1 node, 6 CPUs
[    0.415676] smpboot: Max logical packages: 2
[    0.415676] smpboot: Total of 6 processors activated (41011.24 BogoMIPS)
[    0.416228] devtmpfs: initialized
[    0.416228] x86/mm: Memory block size: 128MB
[    0.416705] ACPI: PM: Registering ACPI NVS region [mem 0xbfeff000-0xbfefffff] (4096 bytes)
[    0.416705] clocksource: jiffies: mask: 0xffffffff max_cycles: 0xffffffff, max_idle_ns: 7645041785100000 ns
[    0.416705] futex hash table entries: 2048 (order: 5, 131072 bytes, linear)
[    0.416705] pinctrl core: initialized pinctrl subsystem
[    0.416705] PM: RTC time: 19:55:21, date: 2023-08-06
[    0.422408] NET: Registered PF_NETLINK/PF_ROUTE protocol family
[    0.422540] DMA: preallocated 1024 KiB GFP_KERNEL pool for atomic allocations
[    0.422828] DMA: preallocated 1024 KiB GFP_KERNEL|GFP_DMA pool for atomic allocations
[    0.422958] DMA: preallocated 1024 KiB GFP_KERNEL|GFP_DMA32 pool for atomic allocations
[    0.422966] audit: initializing netlink subsys (disabled)
[    0.422981] audit: type=2000 audit(1691351721.028:1): state=initialized audit_enabled=0 res=1
[    0.422981] thermal_sys: Registered thermal governor 'fair_share'
[    0.422981] thermal_sys: Registered thermal governor 'bang_bang'
[    0.422981] thermal_sys: Registered thermal governor 'step_wise'
[    0.422981] thermal_sys: Registered thermal governor 'user_space'
[    0.422981] thermal_sys: Registered thermal governor 'power_allocator'
[    0.422981] EISA bus registered
[    0.422981] cpuidle: using governor ladder
[    0.422981] cpuidle: using governor menu
[    0.422981] Simple Boot Flag at 0x36 set to 0x80
[    0.422981] HugeTLB: can optimize 4095 vmemmap pages for hugepages-1048576kB
[    0.422981] acpiphp: ACPI Hot Plug PCI Controller Driver version: 0.5
[    0.423784] PCI: MMCONFIG for domain 0000 [bus 00-7f] at [mem 0xf0000000-0xf7ffffff] (base 0xf0000000)
[    0.423787] PCI: MMCONFIG at [mem 0xf0000000-0xf7ffffff] reserved in E820
[    0.423793] pmd_set_huge: Cannot satisfy [mem 0xf0000000-0xf0200000] with a huge-page mapping due to MTRR override.
[    0.423845] PCI: Using configuration type 1 for base access
[    0.424644] kprobes: kprobe jump-optimization is enabled. All kprobes are optimized if possible.
[    0.428281] HugeTLB: can optimize 7 vmemmap pages for hugepages-2048kB
[    0.428281] HugeTLB registered 1.00 GiB page size, pre-allocated 0 pages
[    0.428281] HugeTLB registered 2.00 MiB page size, pre-allocated 0 pages
[    0.429473] ACPI: Added _OSI(Module Device)
[    0.429473] ACPI: Added _OSI(Processor Device)
[    0.429473] ACPI: Added _OSI(3.0 _SCP Extensions)
[    0.429473] ACPI: Added _OSI(Processor Aggregator Device)
[    0.429473] ACPI: Added _OSI(Linux-Dell-Video)
[    0.429473] ACPI: Added _OSI(Linux-Lenovo-NV-HDMI-Audio)
[    0.429473] ACPI: Added _OSI(Linux-HPI-Hybrid-Graphics)
[    0.440283] ACPI: 1 ACPI AML tables successfully acquired and loaded
[    0.441355] ACPI: [Firmware Bug]: BIOS _OSI(Linux) query ignored
[    0.450687] ACPI: Interpreter enabled
[    0.450703] ACPI: PM: (supports S0 S1 S4 S5)
[    0.450704] ACPI: Using IOAPIC for interrupt routing
[    0.450730] PCI: Using host bridge windows from ACPI; if necessary, use "pci=nocrs" and report a bug
[    0.450731] PCI: Using E820 reservations for host bridge windows
[    0.451426] ACPI: Enabled 4 GPEs in block 00 to 0F
[    0.537914] ACPI: PCI Root Bridge [PCI0] (domain 0000 [bus 00-7f])
[    0.537923] acpi PNP0A03:00: _OSC: OS supports [ExtendedConfig ASPM ClockPM Segments MSI EDR HPX-Type3]
[    0.537980] acpi PNP0A03:00: _OSC: platform does not support [AER LTR DPC]
[    0.538077] acpi PNP0A03:00: _OSC: OS now controls [PCIeHotplug SHPCHotplug PME PCIeCapability]
[    0.539079] PCI host bridge to bus 0000:00
[    0.539080] pci_bus 0000:00: root bus resource [mem 0x000a0000-0x000bffff window]
[    0.539081] pci_bus 0000:00: root bus resource [mem 0x000d0000-0x000dbfff window]
[    0.539081] pci_bus 0000:00: root bus resource [mem 0xc0000000-0xfebfffff window]
[    0.539082] pci_bus 0000:00: root bus resource [io  0x0000-0x0cf7 window]
[    0.539082] pci_bus 0000:00: root bus resource [io  0x0d00-0xfeff window]
[    0.539083] pci_bus 0000:00: root bus resource [bus 00-7f]
[    0.539151] pci 0000:00:00.0: [8086:7190] type 00 class 0x060000
[    0.539515] pci 0000:00:01.0: [8086:7191] type 01 class 0x060400
[    0.540516] pci 0000:00:07.0: [8086:7110] type 00 class 0x060100
[    0.540946] pci 0000:00:07.1: [8086:7111] type 00 class 0x01018a
[    0.541875] pci 0000:00:07.1: reg 0x20: [io  0x1060-0x106f]
[    0.542238] pci 0000:00:07.1: legacy IDE quirk: reg 0x10: [io  0x01f0-0x01f7]
[    0.542239] pci 0000:00:07.1: legacy IDE quirk: reg 0x14: [io  0x03f6]
[    0.542239] pci 0000:00:07.1: legacy IDE quirk: reg 0x18: [io  0x0170-0x0177]
[    0.542240] pci 0000:00:07.1: legacy IDE quirk: reg 0x1c: [io  0x0376]
[    0.542356] pci 0000:00:07.3: [8086:7113] type 00 class 0x068000
[    0.543662] pci 0000:00:07.3: quirk: [io  0x1000-0x103f] claimed by PIIX4 ACPI
[    0.543670] pci 0000:00:07.3: quirk: [io  0x1040-0x104f] claimed by PIIX4 SMB
[    0.543984] pci 0000:00:07.7: [15ad:0740] type 00 class 0x088000
[    0.544320] pci 0000:00:07.7: reg 0x10: [io  0x1080-0x10bf]
[    0.544603] pci 0000:00:07.7: reg 0x14: [mem 0xfebfe000-0xfebfffff 64bit]
[    0.547339] pci 0000:00:0f.0: [15ad:0405] type 00 class 0x030000
[    0.547810] pci 0000:00:0f.0: reg 0x10: [io  0x1070-0x107f]
[    0.548500] pci 0000:00:0f.0: reg 0x14: [mem 0xe8000000-0xefffffff pref]
[    0.549227] pci 0000:00:0f.0: reg 0x18: [mem 0xfe000000-0xfe7fffff]
[    0.551426] pci 0000:00:0f.0: reg 0x30: [mem 0x00000000-0x00007fff pref]
[    0.551463] pci 0000:00:0f.0: Video device with shadowed ROM at [mem 0x000c0000-0x000dffff]
[    0.551791] pci 0000:00:10.0: [1000:0030] type 00 class 0x010000
[    0.552090] pci 0000:00:10.0: reg 0x10: [io  0x1400-0x14ff]
[    0.552390] pci 0000:00:10.0: reg 0x14: [mem 0xfeba0000-0xfebbffff 64bit]
[    0.552747] pci 0000:00:10.0: reg 0x1c: [mem 0xfebc0000-0xfebdffff 64bit]
[    0.553417] pci 0000:00:10.0: reg 0x30: [mem 0x00000000-0x00003fff pref]
[    0.553644] pci 0000:00:11.0: [15ad:0790] type 01 class 0x060401
[    0.554560] pci 0000:00:15.0: [15ad:07a0] type 01 class 0x060400
[    0.555040] pci 0000:00:15.0: PME# supported from D0 D3hot D3cold
[    0.555286] pci 0000:00:15.1: [15ad:07a0] type 01 class 0x060400
[    0.555758] pci 0000:00:15.1: PME# supported from D0 D3hot D3cold
[    0.556011] pci 0000:00:15.2: [15ad:07a0] type 01 class 0x060400
[    0.556488] pci 0000:00:15.2: PME# supported from D0 D3hot D3cold
[    0.556735] pci 0000:00:15.3: [15ad:07a0] type 01 class 0x060400
[    0.557213] pci 0000:00:15.3: PME# supported from D0 D3hot D3cold
[    0.557522] pci 0000:00:15.4: [15ad:07a0] type 01 class 0x060400
[    0.557997] pci 0000:00:15.4: PME# supported from D0 D3hot D3cold
[    0.558235] pci 0000:00:15.5: [15ad:07a0] type 01 class 0x060400
[    0.558705] pci 0000:00:15.5: PME# supported from D0 D3hot D3cold
[    0.559002] pci 0000:00:15.6: [15ad:07a0] type 01 class 0x060400
[    0.559479] pci 0000:00:15.6: PME# supported from D0 D3hot D3cold
[    0.559716] pci 0000:00:15.7: [15ad:07a0] type 01 class 0x060400
[    0.560191] pci 0000:00:15.7: PME# supported from D0 D3hot D3cold
[    0.560426] pci 0000:00:16.0: [15ad:07a0] type 01 class 0x060400
[    0.560896] pci 0000:00:16.0: PME# supported from D0 D3hot D3cold
[    0.561158] pci 0000:00:16.1: [15ad:07a0] type 01 class 0x060400
[    0.561633] pci 0000:00:16.1: PME# supported from D0 D3hot D3cold
[    0.561868] pci 0000:00:16.2: [15ad:07a0] type 01 class 0x060400
[    0.562343] pci 0000:00:16.2: PME# supported from D0 D3hot D3cold
[    0.562578] pci 0000:00:16.3: [15ad:07a0] type 01 class 0x060400
[    0.563056] pci 0000:00:16.3: PME# supported from D0 D3hot D3cold
[    0.563373] pci 0000:00:16.4: [15ad:07a0] type 01 class 0x060400
[    0.563845] pci 0000:00:16.4: PME# supported from D0 D3hot D3cold
[    0.564084] pci 0000:00:16.5: [15ad:07a0] type 01 class 0x060400
[    0.564554] pci 0000:00:16.5: PME# supported from D0 D3hot D3cold
[    0.564798] pci 0000:00:16.6: [15ad:07a0] type 01 class 0x060400
[    0.565272] pci 0000:00:16.6: PME# supported from D0 D3hot D3cold
[    0.565554] pci 0000:00:16.7: [15ad:07a0] type 01 class 0x060400
[    0.566024] pci 0000:00:16.7: PME# supported from D0 D3hot D3cold
[    0.566273] pci 0000:00:17.0: [15ad:07a0] type 01 class 0x060400
[    0.566743] pci 0000:00:17.0: PME# supported from D0 D3hot D3cold
[    0.566978] pci 0000:00:17.1: [15ad:07a0] type 01 class 0x060400
[    0.567448] pci 0000:00:17.1: PME# supported from D0 D3hot D3cold
[    0.567716] pci 0000:00:17.2: [15ad:07a0] type 01 class 0x060400
[    0.568187] pci 0000:00:17.2: PME# supported from D0 D3hot D3cold
[    0.568404] pci 0000:00:17.3: [15ad:07a0] type 01 class 0x060400
[    0.568876] pci 0000:00:17.3: PME# supported from D0 D3hot D3cold
[    0.569415] pci 0000:00:17.4: [15ad:07a0] type 01 class 0x060400
[    0.569888] pci 0000:00:17.4: PME# supported from D0 D3hot D3cold
[    0.570143] pci 0000:00:17.5: [15ad:07a0] type 01 class 0x060400
[    0.570613] pci 0000:00:17.5: PME# supported from D0 D3hot D3cold
[    0.570857] pci 0000:00:17.6: [15ad:07a0] type 01 class 0x060400
[    0.571328] pci 0000:00:17.6: PME# supported from D0 D3hot D3cold
[    0.571564] pci 0000:00:17.7: [15ad:07a0] type 01 class 0x060400
[    0.572035] pci 0000:00:17.7: PME# supported from D0 D3hot D3cold
[    0.572289] pci 0000:00:18.0: [15ad:07a0] type 01 class 0x060400
[    0.572759] pci 0000:00:18.0: PME# supported from D0 D3hot D3cold
[    0.572994] pci 0000:00:18.1: [15ad:07a0] type 01 class 0x060400
[    0.573469] pci 0000:00:18.1: PME# supported from D0 D3hot D3cold
[    0.573704] pci 0000:00:18.2: [15ad:07a0] type 01 class 0x060400
[    0.574179] pci 0000:00:18.2: PME# supported from D0 D3hot D3cold
[    0.574430] pci 0000:00:18.3: [15ad:07a0] type 01 class 0x060400
[    0.574901] pci 0000:00:18.3: PME# supported from D0 D3hot D3cold
[    0.575204] pci 0000:00:18.4: [15ad:07a0] type 01 class 0x060400
[    0.575679] pci 0000:00:18.4: PME# supported from D0 D3hot D3cold
[    0.575918] pci 0000:00:18.5: [15ad:07a0] type 01 class 0x060400
[    0.576386] pci 0000:00:18.5: PME# supported from D0 D3hot D3cold
[    0.576675] pci 0000:00:18.6: [15ad:07a0] type 01 class 0x060400
[    0.577153] pci 0000:00:18.6: PME# supported from D0 D3hot D3cold
[    0.577438] pci 0000:00:18.7: [15ad:07a0] type 01 class 0x060400
[    0.577913] pci 0000:00:18.7: PME# supported from D0 D3hot D3cold
[    0.579115] pci_bus 0000:01: extended config space not accessible
[    0.582932] pci 0000:00:01.0: PCI bridge to [bus 01]
[    0.583058] pci_bus 0000:02: extended config space not accessible
[    0.583215] acpiphp: Slot [32] registered
[    0.583225] acpiphp: Slot [33] registered
[    0.583236] acpiphp: Slot [34] registered
[    0.583245] acpiphp: Slot [35] registered
[    0.583255] acpiphp: Slot [36] registered
[    0.583274] acpiphp: Slot [37] registered
[    0.583283] acpiphp: Slot [38] registered
[    0.583293] acpiphp: Slot [39] registered
[    0.583302] acpiphp: Slot [40] registered
[    0.583311] acpiphp: Slot [41] registered
[    0.583321] acpiphp: Slot [42] registered
[    0.583339] acpiphp: Slot [43] registered
[    0.583348] acpiphp: Slot [44] registered
[    0.583357] acpiphp: Slot [45] registered
[    0.583367] acpiphp: Slot [46] registered
[    0.583376] acpiphp: Slot [47] registered
[    0.583385] acpiphp: Slot [48] registered
[    0.583409] acpiphp: Slot [49] registered
[    0.583418] acpiphp: Slot [50] registered
[    0.583427] acpiphp: Slot [51] registered
[    0.583436] acpiphp: Slot [52] registered
[    0.583446] acpiphp: Slot [53] registered
[    0.583455] acpiphp: Slot [54] registered
[    0.583464] acpiphp: Slot [55] registered
[    0.583482] acpiphp: Slot [56] registered
[    0.583492] acpiphp: Slot [57] registered
[    0.583501] acpiphp: Slot [58] registered
[    0.583510] acpiphp: Slot [59] registered
[    0.583519] acpiphp: Slot [60] registered
[    0.583529] acpiphp: Slot [61] registered
[    0.583549] acpiphp: Slot [62] registered
[    0.583558] acpiphp: Slot [63] registered
[    0.583602] pci 0000:02:00.0: [15ad:0774] type 00 class 0x0c0300
[    0.584514] pci 0000:02:00.0: reg 0x20: [io  0x2080-0x209f]
[    0.585338] pci 0000:02:01.0: [8086:100f] type 00 class 0x020000
[    0.586023] pci 0000:02:01.0: reg 0x10: [mem 0xfd5c0000-0xfd5dffff 64bit]
[    0.586589] pci 0000:02:01.0: reg 0x18: [mem 0xfdff0000-0xfdffffff 64bit]
[    0.586883] pci 0000:02:01.0: reg 0x20: [io  0x2000-0x203f]
[    0.587517] pci 0000:02:01.0: reg 0x30: [mem 0x00000000-0x0000ffff pref]
[    0.587722] pci 0000:02:01.0: PME# supported from D0 D3hot D3cold
[    0.588065] pci 0000:02:02.0: [1274:1371] type 00 class 0x040100
[    0.588308] pci 0000:02:02.0: reg 0x10: [io  0x2040-0x207f]
[    0.589906] pci 0000:02:03.0: [15ad:0770] type 00 class 0x0c0320
[    0.590237] pci 0000:02:03.0: reg 0x10: [mem 0xfd5ef000-0xfd5effff]
[    0.592082] pci 0000:02:04.0: [15ad:07e0] type 00 class 0x010601
[    0.593569] pci 0000:02:04.0: reg 0x24: [mem 0xfd5ee000-0xfd5eefff]
[    0.593772] pci 0000:02:04.0: reg 0x30: [mem 0x00000000-0x0000ffff pref]
[    0.593993] pci 0000:02:04.0: PME# supported from D3hot
[    0.598058] pci 0000:00:11.0: PCI bridge to [bus 02] (subtractive decode)
[    0.598071] pci 0000:00:11.0:   bridge window [io  0x2000-0x3fff]
[    0.598083] pci 0000:00:11.0:   bridge window [mem 0xfd500000-0xfdffffff]
[    0.598105] pci 0000:00:11.0:   bridge window [mem 0xe7b00000-0xe7ffffff 64bit pref]
[    0.598106] pci 0000:00:11.0:   bridge window [mem 0x000a0000-0x000bffff window] (subtractive decode)
[    0.598107] pci 0000:00:11.0:   bridge window [mem 0x000d0000-0x000dbfff window] (subtractive decode)
[    0.598107] pci 0000:00:11.0:   bridge window [mem 0xc0000000-0xfebfffff window] (subtractive decode)
[    0.598108] pci 0000:00:11.0:   bridge window [io  0x0000-0x0cf7 window] (subtractive decode)
[    0.598108] pci 0000:00:11.0:   bridge window [io  0x0d00-0xfeff window] (subtractive decode)
[    0.598424] pci 0000:00:15.0: PCI bridge to [bus 03]
[    0.598436] pci 0000:00:15.0:   bridge window [io  0x4000-0x4fff]
[    0.598448] pci 0000:00:15.0:   bridge window [mem 0xfd400000-0xfd4fffff]
[    0.598476] pci 0000:00:15.0:   bridge window [mem 0xe7a00000-0xe7afffff 64bit pref]
[    0.598772] pci 0000:00:15.1: PCI bridge to [bus 04]
[    0.598783] pci 0000:00:15.1:   bridge window [io  0x8000-0x8fff]
[    0.598795] pci 0000:00:15.1:   bridge window [mem 0xfd000000-0xfd0fffff]
[    0.598817] pci 0000:00:15.1:   bridge window [mem 0xe7600000-0xe76fffff 64bit pref]
[    0.599122] pci 0000:00:15.2: PCI bridge to [bus 05]
[    0.599134] pci 0000:00:15.2:   bridge window [io  0xc000-0xcfff]
[    0.599146] pci 0000:00:15.2:   bridge window [mem 0xfcc00000-0xfccfffff]
[    0.599168] pci 0000:00:15.2:   bridge window [mem 0xe7200000-0xe72fffff 64bit pref]
[    0.599477] pci 0000:00:15.3: PCI bridge to [bus 06]
[    0.599500] pci 0000:00:15.3:   bridge window [mem 0xfc800000-0xfc8fffff]
[    0.599523] pci 0000:00:15.3:   bridge window [mem 0xe6e00000-0xe6efffff 64bit pref]
[    0.599811] pci 0000:00:15.4: PCI bridge to [bus 07]
[    0.599834] pci 0000:00:15.4:   bridge window [mem 0xfc400000-0xfc4fffff]
[    0.599856] pci 0000:00:15.4:   bridge window [mem 0xe6a00000-0xe6afffff 64bit pref]
[    0.600161] pci 0000:00:15.5: PCI bridge to [bus 08]
[    0.600184] pci 0000:00:15.5:   bridge window [mem 0xfc000000-0xfc0fffff]
[    0.600206] pci 0000:00:15.5:   bridge window [mem 0xe6600000-0xe66fffff 64bit pref]
[    0.600519] pci 0000:00:15.6: PCI bridge to [bus 09]
[    0.600542] pci 0000:00:15.6:   bridge window [mem 0xfbc00000-0xfbcfffff]
[    0.600565] pci 0000:00:15.6:   bridge window [mem 0xe6200000-0xe62fffff 64bit pref]
[    0.600943] pci 0000:00:15.7: PCI bridge to [bus 0a]
[    0.600966] pci 0000:00:15.7:   bridge window [mem 0xfb800000-0xfb8fffff]
[    0.600988] pci 0000:00:15.7:   bridge window [mem 0xe5e00000-0xe5efffff 64bit pref]
[    0.601286] pci 0000:00:16.0: PCI bridge to [bus 0b]
[    0.601298] pci 0000:00:16.0:   bridge window [io  0x5000-0x5fff]
[    0.601310] pci 0000:00:16.0:   bridge window [mem 0xfd300000-0xfd3fffff]
[    0.601332] pci 0000:00:16.0:   bridge window [mem 0xe7900000-0xe79fffff 64bit pref]
[    0.601651] pci 0000:00:16.1: PCI bridge to [bus 0c]
[    0.601663] pci 0000:00:16.1:   bridge window [io  0x9000-0x9fff]
[    0.601675] pci 0000:00:16.1:   bridge window [mem 0xfcf00000-0xfcffffff]
[    0.601697] pci 0000:00:16.1:   bridge window [mem 0xe7500000-0xe75fffff 64bit pref]
[    0.602003] pci 0000:00:16.2: PCI bridge to [bus 0d]
[    0.602015] pci 0000:00:16.2:   bridge window [io  0xd000-0xdfff]
[    0.602026] pci 0000:00:16.2:   bridge window [mem 0xfcb00000-0xfcbfffff]
[    0.602049] pci 0000:00:16.2:   bridge window [mem 0xe7100000-0xe71fffff 64bit pref]
[    0.602351] pci 0000:00:16.3: PCI bridge to [bus 0e]
[    0.602374] pci 0000:00:16.3:   bridge window [mem 0xfc700000-0xfc7fffff]
[    0.602397] pci 0000:00:16.3:   bridge window [mem 0xe6d00000-0xe6dfffff 64bit pref]
[    0.602703] pci 0000:00:16.4: PCI bridge to [bus 0f]
[    0.602726] pci 0000:00:16.4:   bridge window [mem 0xfc300000-0xfc3fffff]
[    0.602748] pci 0000:00:16.4:   bridge window [mem 0xe6900000-0xe69fffff 64bit pref]
[    0.603061] pci 0000:00:16.5: PCI bridge to [bus 10]
[    0.603084] pci 0000:00:16.5:   bridge window [mem 0xfbf00000-0xfbffffff]
[    0.603106] pci 0000:00:16.5:   bridge window [mem 0xe6500000-0xe65fffff 64bit pref]
[    0.603464] pci 0000:00:16.6: PCI bridge to [bus 11]
[    0.603487] pci 0000:00:16.6:   bridge window [mem 0xfbb00000-0xfbbfffff]
[    0.603509] pci 0000:00:16.6:   bridge window [mem 0xe6100000-0xe61fffff 64bit pref]
[    0.603832] pci 0000:00:16.7: PCI bridge to [bus 12]
[    0.603859] pci 0000:00:16.7:   bridge window [mem 0xfb700000-0xfb7fffff]
[    0.603882] pci 0000:00:16.7:   bridge window [mem 0xe5d00000-0xe5dfffff 64bit pref]
[    0.604225] pci 0000:00:17.0: PCI bridge to [bus 13]
[    0.604237] pci 0000:00:17.0:   bridge window [io  0x6000-0x6fff]
[    0.604248] pci 0000:00:17.0:   bridge window [mem 0xfd200000-0xfd2fffff]
[    0.604270] pci 0000:00:17.0:   bridge window [mem 0xe7800000-0xe78fffff 64bit pref]
[    0.604580] pci 0000:00:17.1: PCI bridge to [bus 14]
[    0.604592] pci 0000:00:17.1:   bridge window [io  0xa000-0xafff]
[    0.604604] pci 0000:00:17.1:   bridge window [mem 0xfce00000-0xfcefffff]
[    0.604626] pci 0000:00:17.1:   bridge window [mem 0xe7400000-0xe74fffff 64bit pref]
[    0.604928] pci 0000:00:17.2: PCI bridge to [bus 15]
[    0.604940] pci 0000:00:17.2:   bridge window [io  0xe000-0xefff]
[    0.604951] pci 0000:00:17.2:   bridge window [mem 0xfca00000-0xfcafffff]
[    0.604973] pci 0000:00:17.2:   bridge window [mem 0xe7000000-0xe70fffff 64bit pref]
[    0.605271] pci 0000:00:17.3: PCI bridge to [bus 16]
[    0.605294] pci 0000:00:17.3:   bridge window [mem 0xfc600000-0xfc6fffff]
[    0.605316] pci 0000:00:17.3:   bridge window [mem 0xe6c00000-0xe6cfffff 64bit pref]
[    0.605634] pci 0000:00:17.4: PCI bridge to [bus 17]
[    0.605656] pci 0000:00:17.4:   bridge window [mem 0xfc200000-0xfc2fffff]
[    0.605678] pci 0000:00:17.4:   bridge window [mem 0xe6800000-0xe68fffff 64bit pref]
[    0.605990] pci 0000:00:17.5: PCI bridge to [bus 18]
[    0.606013] pci 0000:00:17.5:   bridge window [mem 0xfbe00000-0xfbefffff]
[    0.606035] pci 0000:00:17.5:   bridge window [mem 0xe6400000-0xe64fffff 64bit pref]
[    0.606328] pci 0000:00:17.6: PCI bridge to [bus 19]
[    0.606351] pci 0000:00:17.6:   bridge window [mem 0xfba00000-0xfbafffff]
[    0.606373] pci 0000:00:17.6:   bridge window [mem 0xe6000000-0xe60fffff 64bit pref]
[    0.606750] pci 0000:00:17.7: PCI bridge to [bus 1a]
[    0.606772] pci 0000:00:17.7:   bridge window [mem 0xfb600000-0xfb6fffff]
[    0.606795] pci 0000:00:17.7:   bridge window [mem 0xe5c00000-0xe5cfffff 64bit pref]
[    0.607113] pci 0000:00:18.0: PCI bridge to [bus 1b]
[    0.607125] pci 0000:00:18.0:   bridge window [io  0x7000-0x7fff]
[    0.607136] pci 0000:00:18.0:   bridge window [mem 0xfd100000-0xfd1fffff]
[    0.607159] pci 0000:00:18.0:   bridge window [mem 0xe7700000-0xe77fffff 64bit pref]
[    0.607468] pci 0000:00:18.1: PCI bridge to [bus 1c]
[    0.607480] pci 0000:00:18.1:   bridge window [io  0xb000-0xbfff]
[    0.607491] pci 0000:00:18.1:   bridge window [mem 0xfcd00000-0xfcdfffff]
[    0.607514] pci 0000:00:18.1:   bridge window [mem 0xe7300000-0xe73fffff 64bit pref]
[    0.607805] pci 0000:00:18.2: PCI bridge to [bus 1d]
[    0.607828] pci 0000:00:18.2:   bridge window [mem 0xfc900000-0xfc9fffff]
[    0.607850] pci 0000:00:18.2:   bridge window [mem 0xe6f00000-0xe6ffffff 64bit pref]
[    0.608159] pci 0000:00:18.3: PCI bridge to [bus 1e]
[    0.608181] pci 0000:00:18.3:   bridge window [mem 0xfc500000-0xfc5fffff]
[    0.608204] pci 0000:00:18.3:   bridge window [mem 0xe6b00000-0xe6bfffff 64bit pref]
[    0.608523] pci 0000:00:18.4: PCI bridge to [bus 1f]
[    0.608546] pci 0000:00:18.4:   bridge window [mem 0xfc100000-0xfc1fffff]
[    0.608569] pci 0000:00:18.4:   bridge window [mem 0xe6700000-0xe67fffff 64bit pref]
[    0.608863] pci 0000:00:18.5: PCI bridge to [bus 20]
[    0.608885] pci 0000:00:18.5:   bridge window [mem 0xfbd00000-0xfbdfffff]
[    0.608908] pci 0000:00:18.5:   bridge window [mem 0xe6300000-0xe63fffff 64bit pref]
[    0.609218] pci 0000:00:18.6: PCI bridge to [bus 21]
[    0.609241] pci 0000:00:18.6:   bridge window [mem 0xfb900000-0xfb9fffff]
[    0.609263] pci 0000:00:18.6:   bridge window [mem 0xe5f00000-0xe5ffffff 64bit pref]
[    0.609590] pci 0000:00:18.7: PCI bridge to [bus 22]
[    0.609613] pci 0000:00:18.7:   bridge window [mem 0xfb500000-0xfb5fffff]
[    0.609635] pci 0000:00:18.7:   bridge window [mem 0xe5b00000-0xe5bfffff 64bit pref]
[    0.610956] ACPI: PCI: Interrupt link LNKA configured for IRQ 9
[    0.611001] ACPI: PCI: Interrupt link LNKB configured for IRQ 11
[    0.611040] ACPI: PCI: Interrupt link LNKC configured for IRQ 10
[    0.611080] ACPI: PCI: Interrupt link LNKD configured for IRQ 7
[    0.628560] iommu: Default domain type: Translated 
[    0.628560] iommu: DMA domain TLB invalidation policy: lazy mode 
[    0.628560] SCSI subsystem initialized
[    0.628560] libata version 3.00 loaded.
[    0.628560] ACPI: bus type USB registered
[    0.628560] usbcore: registered new interface driver usbfs
[    0.628560] usbcore: registered new interface driver hub
[    0.628560] usbcore: registered new device driver usb
[    0.628560] pps_core: LinuxPPS API ver. 1 registered
[    0.628560] pps_core: Software ver. 5.3.6 - Copyright 2005-2007 Rodolfo Giometti <giometti@linux.it>
[    0.628560] PTP clock support registered
[    0.628560] EDAC MC: Ver: 3.0.0
[    0.628560] NetLabel: Initializing
[    0.628560] NetLabel:  domain hash size = 128
[    0.628560] NetLabel:  protocols = UNLABELED CIPSOv4 CALIPSO
[    0.628560] NetLabel:  unlabeled traffic allowed by default
[    0.628560] mctp: management component transport protocol core
[    0.628560] NET: Registered PF_MCTP protocol family
[    0.628560] PCI: Using ACPI for IRQ routing
[    0.647546] PCI: pci_cache_line_size set to 64 bytes
[    0.648069] e820: reserve RAM buffer [mem 0x0009e800-0x0009ffff]
[    0.648070] e820: reserve RAM buffer [mem 0xbfed0000-0xbfffffff]
[    0.648082] pci 0000:00:0f.0: vgaarb: setting as boot VGA device
[    0.648082] pci 0000:00:0f.0: vgaarb: bridge control possible
[    0.648082] pci 0000:00:0f.0: vgaarb: VGA device added: decodes=io+mem,owns=io+mem,locks=none
[    0.648082] vgaarb: loaded
[    0.648082] hpet0: at MMIO 0xfed00000, IRQs 2, 8, 0, 0, 0, 0, 0, 0, 0, 0, 0, 0, 0, 0, 0, 0
[    0.648082] hpet0: 16 comparators, 64-bit 14.318180 MHz counter
[    0.650199] clocksource: Switched to clocksource tsc-early
[    0.675854] VFS: Disk quotas dquot_6.6.0
[    0.675861] VFS: Dquot-cache hash table entries: 512 (order 0, 4096 bytes)
[    0.676078] AppArmor: AppArmor Filesystem Enabled
[    0.676087] pnp: PnP ACPI init
[    0.676232] system 00:00: [io  0x1000-0x103f] has been reserved
[    0.676234] system 00:00: [io  0x1040-0x104f] has been reserved
[    0.676235] system 00:00: [io  0x0cf0-0x0cf1] has been reserved
[    0.676378] system 00:04: [mem 0xfed00000-0xfed003ff] has been reserved
[    0.677260] pnp 00:06: [dma 2]
[    0.677393] system 00:07: [io  0xfce0-0xfcff] has been reserved
[    0.677394] system 00:07: [mem 0xf0000000-0xf7ffffff] has been reserved
[    0.677395] system 00:07: [mem 0xfe800000-0xfe9fffff] has been reserved
[    0.690258] pnp: PnP ACPI: found 8 devices
[    0.697691] clocksource: acpi_pm: mask: 0xffffff max_cycles: 0xffffff, max_idle_ns: 2085701024 ns
[    0.697888] NET: Registered PF_INET protocol family
[    0.699914] IP idents hash table entries: 131072 (order: 8, 1048576 bytes, linear)
[    0.702078] tcp_listen_portaddr_hash hash table entries: 4096 (order: 4, 65536 bytes, linear)
[    0.702595] Table-perturb hash table entries: 65536 (order: 6, 262144 bytes, linear)
[    0.703655] TCP established hash table entries: 65536 (order: 7, 524288 bytes, linear)
[    0.705898] TCP bind hash table entries: 65536 (order: 8, 1048576 bytes, linear)
[    0.705927] TCP: Hash tables configured (established 65536 bind 65536)
[    0.706835] MPTCP token hash table entries: 8192 (order: 5, 196608 bytes, linear)
[    0.707085] UDP hash table entries: 4096 (order: 5, 131072 bytes, linear)
[    0.707333] UDP-Lite hash table entries: 4096 (order: 5, 131072 bytes, linear)
[    0.707393] NET: Registered PF_UNIX/PF_LOCAL protocol family
[    0.707396] NET: Registered PF_XDP protocol family
[    0.707404] pci 0000:00:15.3: bridge window [io  0x1000-0x0fff] to [bus 06] add_size 1000
[    0.707406] pci 0000:00:15.4: bridge window [io  0x1000-0x0fff] to [bus 07] add_size 1000
[    0.707407] pci 0000:00:15.5: bridge window [io  0x1000-0x0fff] to [bus 08] add_size 1000
[    0.707408] pci 0000:00:15.6: bridge window [io  0x1000-0x0fff] to [bus 09] add_size 1000
[    0.707408] pci 0000:00:15.7: bridge window [io  0x1000-0x0fff] to [bus 0a] add_size 1000
[    0.707409] pci 0000:00:16.3: bridge window [io  0x1000-0x0fff] to [bus 0e] add_size 1000
[    0.707410] pci 0000:00:16.4: bridge window [io  0x1000-0x0fff] to [bus 0f] add_size 1000
[    0.707410] pci 0000:00:16.5: bridge window [io  0x1000-0x0fff] to [bus 10] add_size 1000
[    0.707411] pci 0000:00:16.6: bridge window [io  0x1000-0x0fff] to [bus 11] add_size 1000
[    0.707412] pci 0000:00:16.7: bridge window [io  0x1000-0x0fff] to [bus 12] add_size 1000
[    0.707412] pci 0000:00:17.3: bridge window [io  0x1000-0x0fff] to [bus 16] add_size 1000
[    0.707413] pci 0000:00:17.4: bridge window [io  0x1000-0x0fff] to [bus 17] add_size 1000
[    0.707414] pci 0000:00:17.5: bridge window [io  0x1000-0x0fff] to [bus 18] add_size 1000
[    0.707414] pci 0000:00:17.6: bridge window [io  0x1000-0x0fff] to [bus 19] add_size 1000
[    0.707415] pci 0000:00:17.7: bridge window [io  0x1000-0x0fff] to [bus 1a] add_size 1000
[    0.707416] pci 0000:00:18.2: bridge window [io  0x1000-0x0fff] to [bus 1d] add_size 1000
[    0.707416] pci 0000:00:18.3: bridge window [io  0x1000-0x0fff] to [bus 1e] add_size 1000
[    0.707417] pci 0000:00:18.4: bridge window [io  0x1000-0x0fff] to [bus 1f] add_size 1000
[    0.707418] pci 0000:00:18.5: bridge window [io  0x1000-0x0fff] to [bus 20] add_size 1000
[    0.707419] pci 0000:00:18.6: bridge window [io  0x1000-0x0fff] to [bus 21] add_size 1000
[    0.707419] pci 0000:00:18.7: bridge window [io  0x1000-0x0fff] to [bus 22] add_size 1000
[    0.707425] pci 0000:00:10.0: BAR 6: assigned [mem 0xc0000000-0xc0003fff pref]
[    0.707427] pci 0000:00:15.3: BAR 13: no space for [io  size 0x1000]
[    0.707428] pci 0000:00:15.3: BAR 13: failed to assign [io  size 0x1000]
[    0.707429] pci 0000:00:15.4: BAR 13: no space for [io  size 0x1000]
[    0.707429] pci 0000:00:15.4: BAR 13: failed to assign [io  size 0x1000]
[    0.707430] pci 0000:00:15.5: BAR 13: no space for [io  size 0x1000]
[    0.707430] pci 0000:00:15.5: BAR 13: failed to assign [io  size 0x1000]
[    0.707431] pci 0000:00:15.6: BAR 13: no space for [io  size 0x1000]
[    0.707431] pci 0000:00:15.6: BAR 13: failed to assign [io  size 0x1000]
[    0.707432] pci 0000:00:15.7: BAR 13: no space for [io  size 0x1000]
[    0.707433] pci 0000:00:15.7: BAR 13: failed to assign [io  size 0x1000]
[    0.707433] pci 0000:00:16.3: BAR 13: no space for [io  size 0x1000]
[    0.707434] pci 0000:00:16.3: BAR 13: failed to assign [io  size 0x1000]
[    0.707434] pci 0000:00:16.4: BAR 13: no space for [io  size 0x1000]
[    0.707435] pci 0000:00:16.4: BAR 13: failed to assign [io  size 0x1000]
[    0.707435] pci 0000:00:16.5: BAR 13: no space for [io  size 0x1000]
[    0.707436] pci 0000:00:16.5: BAR 13: failed to assign [io  size 0x1000]
[    0.707436] pci 0000:00:16.6: BAR 13: no space for [io  size 0x1000]
[    0.707437] pci 0000:00:16.6: BAR 13: failed to assign [io  size 0x1000]
[    0.707437] pci 0000:00:16.7: BAR 13: no space for [io  size 0x1000]
[    0.707438] pci 0000:00:16.7: BAR 13: failed to assign [io  size 0x1000]
[    0.707438] pci 0000:00:17.3: BAR 13: no space for [io  size 0x1000]
[    0.707439] pci 0000:00:17.3: BAR 13: failed to assign [io  size 0x1000]
[    0.707439] pci 0000:00:17.4: BAR 13: no space for [io  size 0x1000]
[    0.707440] pci 0000:00:17.4: BAR 13: failed to assign [io  size 0x1000]
[    0.707441] pci 0000:00:17.5: BAR 13: no space for [io  size 0x1000]
[    0.707441] pci 0000:00:17.5: BAR 13: failed to assign [io  size 0x1000]
[    0.707442] pci 0000:00:17.6: BAR 13: no space for [io  size 0x1000]
[    0.707442] pci 0000:00:17.6: BAR 13: failed to assign [io  size 0x1000]
[    0.707443] pci 0000:00:17.7: BAR 13: no space for [io  size 0x1000]
[    0.707443] pci 0000:00:17.7: BAR 13: failed to assign [io  size 0x1000]
[    0.707444] pci 0000:00:18.2: BAR 13: no space for [io  size 0x1000]
[    0.707444] pci 0000:00:18.2: BAR 13: failed to assign [io  size 0x1000]
[    0.707445] pci 0000:00:18.3: BAR 13: no space for [io  size 0x1000]
[    0.707445] pci 0000:00:18.3: BAR 13: failed to assign [io  size 0x1000]
[    0.707446] pci 0000:00:18.4: BAR 13: no space for [io  size 0x1000]
[    0.707446] pci 0000:00:18.4: BAR 13: failed to assign [io  size 0x1000]
[    0.707447] pci 0000:00:18.5: BAR 13: no space for [io  size 0x1000]
[    0.707447] pci 0000:00:18.5: BAR 13: failed to assign [io  size 0x1000]
[    0.707448] pci 0000:00:18.6: BAR 13: no space for [io  size 0x1000]
[    0.707448] pci 0000:00:18.6: BAR 13: failed to assign [io  size 0x1000]
[    0.707449] pci 0000:00:18.7: BAR 13: no space for [io  size 0x1000]
[    0.707449] pci 0000:00:18.7: BAR 13: failed to assign [io  size 0x1000]
[    0.707451] pci 0000:00:18.7: BAR 13: no space for [io  size 0x1000]
[    0.707451] pci 0000:00:18.7: BAR 13: failed to assign [io  size 0x1000]
[    0.707452] pci 0000:00:18.6: BAR 13: no space for [io  size 0x1000]
[    0.707453] pci 0000:00:18.6: BAR 13: failed to assign [io  size 0x1000]
[    0.707453] pci 0000:00:18.5: BAR 13: no space for [io  size 0x1000]
[    0.707454] pci 0000:00:18.5: BAR 13: failed to assign [io  size 0x1000]
[    0.707454] pci 0000:00:18.4: BAR 13: no space for [io  size 0x1000]
[    0.707455] pci 0000:00:18.4: BAR 13: failed to assign [io  size 0x1000]
[    0.707455] pci 0000:00:18.3: BAR 13: no space for [io  size 0x1000]
[    0.707456] pci 0000:00:18.3: BAR 13: failed to assign [io  size 0x1000]
[    0.707456] pci 0000:00:18.2: BAR 13: no space for [io  size 0x1000]
[    0.707457] pci 0000:00:18.2: BAR 13: failed to assign [io  size 0x1000]
[    0.707457] pci 0000:00:17.7: BAR 13: no space for [io  size 0x1000]
[    0.707458] pci 0000:00:17.7: BAR 13: failed to assign [io  size 0x1000]
[    0.707459] pci 0000:00:17.6: BAR 13: no space for [io  size 0x1000]
[    0.707459] pci 0000:00:17.6: BAR 13: failed to assign [io  size 0x1000]
[    0.707460] pci 0000:00:17.5: BAR 13: no space for [io  size 0x1000]
[    0.707460] pci 0000:00:17.5: BAR 13: failed to assign [io  size 0x1000]
[    0.707461] pci 0000:00:17.4: BAR 13: no space for [io  size 0x1000]
[    0.707461] pci 0000:00:17.4: BAR 13: failed to assign [io  size 0x1000]
[    0.707462] pci 0000:00:17.3: BAR 13: no space for [io  size 0x1000]
[    0.707462] pci 0000:00:17.3: BAR 13: failed to assign [io  size 0x1000]
[    0.707463] pci 0000:00:16.7: BAR 13: no space for [io  size 0x1000]
[    0.707463] pci 0000:00:16.7: BAR 13: failed to assign [io  size 0x1000]
[    0.707464] pci 0000:00:16.6: BAR 13: no space for [io  size 0x1000]
[    0.707464] pci 0000:00:16.6: BAR 13: failed to assign [io  size 0x1000]
[    0.707465] pci 0000:00:16.5: BAR 13: no space for [io  size 0x1000]
[    0.707465] pci 0000:00:16.5: BAR 13: failed to assign [io  size 0x1000]
[    0.707466] pci 0000:00:16.4: BAR 13: no space for [io  size 0x1000]
[    0.707466] pci 0000:00:16.4: BAR 13: failed to assign [io  size 0x1000]
[    0.707467] pci 0000:00:16.3: BAR 13: no space for [io  size 0x1000]
[    0.707467] pci 0000:00:16.3: BAR 13: failed to assign [io  size 0x1000]
[    0.707468] pci 0000:00:15.7: BAR 13: no space for [io  size 0x1000]
[    0.707469] pci 0000:00:15.7: BAR 13: failed to assign [io  size 0x1000]
[    0.707469] pci 0000:00:15.6: BAR 13: no space for [io  size 0x1000]
[    0.707470] pci 0000:00:15.6: BAR 13: failed to assign [io  size 0x1000]
[    0.707470] pci 0000:00:15.5: BAR 13: no space for [io  size 0x1000]
[    0.707471] pci 0000:00:15.5: BAR 13: failed to assign [io  size 0x1000]
[    0.707471] pci 0000:00:15.4: BAR 13: no space for [io  size 0x1000]
[    0.707472] pci 0000:00:15.4: BAR 13: failed to assign [io  size 0x1000]
[    0.707472] pci 0000:00:15.3: BAR 13: no space for [io  size 0x1000]
[    0.707473] pci 0000:00:15.3: BAR 13: failed to assign [io  size 0x1000]
[    0.707474] pci 0000:00:01.0: PCI bridge to [bus 01]
[    0.707535] pci 0000:02:01.0: BAR 6: assigned [mem 0xfd500000-0xfd50ffff pref]
[    0.707536] pci 0000:02:04.0: BAR 6: assigned [mem 0xfd510000-0xfd51ffff pref]
[    0.707537] pci 0000:00:11.0: PCI bridge to [bus 02]
[    0.707544] pci 0000:00:11.0:   bridge window [io  0x2000-0x3fff]
[    0.707565] pci 0000:00:11.0:   bridge window [mem 0xfd500000-0xfdffffff]
[    0.707577] pci 0000:00:11.0:   bridge window [mem 0xe7b00000-0xe7ffffff 64bit pref]
[    0.707600] pci 0000:00:15.0: PCI bridge to [bus 03]
[    0.707607] pci 0000:00:15.0:   bridge window [io  0x4000-0x4fff]
[    0.707625] pci 0000:00:15.0:   bridge window [mem 0xfd400000-0xfd4fffff]
[    0.707637] pci 0000:00:15.0:   bridge window [mem 0xe7a00000-0xe7afffff 64bit pref]
[    0.707677] pci 0000:00:15.1: PCI bridge to [bus 04]
[    0.707683] pci 0000:00:15.1:   bridge window [io  0x8000-0x8fff]
[    0.707701] pci 0000:00:15.1:   bridge window [mem 0xfd000000-0xfd0fffff]
[    0.707713] pci 0000:00:15.1:   bridge window [mem 0xe7600000-0xe76fffff 64bit pref]
[    0.707740] pci 0000:00:15.2: PCI bridge to [bus 05]
[    0.707746] pci 0000:00:15.2:   bridge window [io  0xc000-0xcfff]
[    0.707763] pci 0000:00:15.2:   bridge window [mem 0xfcc00000-0xfccfffff]
[    0.707775] pci 0000:00:15.2:   bridge window [mem 0xe7200000-0xe72fffff 64bit pref]
[    0.707801] pci 0000:00:15.3: PCI bridge to [bus 06]
[    0.707819] pci 0000:00:15.3:   bridge window [mem 0xfc800000-0xfc8fffff]
[    0.707830] pci 0000:00:15.3:   bridge window [mem 0xe6e00000-0xe6efffff 64bit pref]
[    0.707857] pci 0000:00:15.4: PCI bridge to [bus 07]
[    0.707874] pci 0000:00:15.4:   bridge window [mem 0xfc400000-0xfc4fffff]
[    0.707886] pci 0000:00:15.4:   bridge window [mem 0xe6a00000-0xe6afffff 64bit pref]
[    0.707913] pci 0000:00:15.5: PCI bridge to [bus 08]
[    0.707930] pci 0000:00:15.5:   bridge window [mem 0xfc000000-0xfc0fffff]
[    0.707942] pci 0000:00:15.5:   bridge window [mem 0xe6600000-0xe66fffff 64bit pref]
[    0.707968] pci 0000:00:15.6: PCI bridge to [bus 09]
[    0.707988] pci 0000:00:15.6:   bridge window [mem 0xfbc00000-0xfbcfffff]
[    0.708000] pci 0000:00:15.6:   bridge window [mem 0xe6200000-0xe62fffff 64bit pref]
[    0.708026] pci 0000:00:15.7: PCI bridge to [bus 0a]
[    0.708043] pci 0000:00:15.7:   bridge window [mem 0xfb800000-0xfb8fffff]
[    0.708055] pci 0000:00:15.7:   bridge window [mem 0xe5e00000-0xe5efffff 64bit pref]
[    0.708081] pci 0000:00:16.0: PCI bridge to [bus 0b]
[    0.708088] pci 0000:00:16.0:   bridge window [io  0x5000-0x5fff]
[    0.708105] pci 0000:00:16.0:   bridge window [mem 0xfd300000-0xfd3fffff]
[    0.708117] pci 0000:00:16.0:   bridge window [mem 0xe7900000-0xe79fffff 64bit pref]
[    0.708143] pci 0000:00:16.1: PCI bridge to [bus 0c]
[    0.708149] pci 0000:00:16.1:   bridge window [io  0x9000-0x9fff]
[    0.708166] pci 0000:00:16.1:   bridge window [mem 0xfcf00000-0xfcffffff]
[    0.708178] pci 0000:00:16.1:   bridge window [mem 0xe7500000-0xe75fffff 64bit pref]
[    0.708204] pci 0000:00:16.2: PCI bridge to [bus 0d]
[    0.708211] pci 0000:00:16.2:   bridge window [io  0xd000-0xdfff]
[    0.708228] pci 0000:00:16.2:   bridge window [mem 0xfcb00000-0xfcbfffff]
[    0.708239] pci 0000:00:16.2:   bridge window [mem 0xe7100000-0xe71fffff 64bit pref]
[    0.708266] pci 0000:00:16.3: PCI bridge to [bus 0e]
[    0.708283] pci 0000:00:16.3:   bridge window [mem 0xfc700000-0xfc7fffff]
[    0.708295] pci 0000:00:16.3:   bridge window [mem 0xe6d00000-0xe6dfffff 64bit pref]
[    0.708321] pci 0000:00:16.4: PCI bridge to [bus 0f]
[    0.708338] pci 0000:00:16.4:   bridge window [mem 0xfc300000-0xfc3fffff]
[    0.708350] pci 0000:00:16.4:   bridge window [mem 0xe6900000-0xe69fffff 64bit pref]
[    0.708376] pci 0000:00:16.5: PCI bridge to [bus 10]
[    0.708393] pci 0000:00:16.5:   bridge window [mem 0xfbf00000-0xfbffffff]
[    0.708405] pci 0000:00:16.5:   bridge window [mem 0xe6500000-0xe65fffff 64bit pref]
[    0.708432] pci 0000:00:16.6: PCI bridge to [bus 11]
[    0.708449] pci 0000:00:16.6:   bridge window [mem 0xfbb00000-0xfbbfffff]
[    0.708461] pci 0000:00:16.6:   bridge window [mem 0xe6100000-0xe61fffff 64bit pref]
[    0.708487] pci 0000:00:16.7: PCI bridge to [bus 12]
[    0.708504] pci 0000:00:16.7:   bridge window [mem 0xfb700000-0xfb7fffff]
[    0.708516] pci 0000:00:16.7:   bridge window [mem 0xe5d00000-0xe5dfffff 64bit pref]
[    0.708545] pci 0000:00:17.0: PCI bridge to [bus 13]
[    0.708551] pci 0000:00:17.0:   bridge window [io  0x6000-0x6fff]
[    0.708568] pci 0000:00:17.0:   bridge window [mem 0xfd200000-0xfd2fffff]
[    0.708580] pci 0000:00:17.0:   bridge window [mem 0xe7800000-0xe78fffff 64bit pref]
[    0.708606] pci 0000:00:17.1: PCI bridge to [bus 14]
[    0.708612] pci 0000:00:17.1:   bridge window [io  0xa000-0xafff]
[    0.708629] pci 0000:00:17.1:   bridge window [mem 0xfce00000-0xfcefffff]
[    0.708641] pci 0000:00:17.1:   bridge window [mem 0xe7400000-0xe74fffff 64bit pref]
[    0.708667] pci 0000:00:17.2: PCI bridge to [bus 15]
[    0.708674] pci 0000:00:17.2:   bridge window [io  0xe000-0xefff]
[    0.708691] pci 0000:00:17.2:   bridge window [mem 0xfca00000-0xfcafffff]
[    0.708702] pci 0000:00:17.2:   bridge window [mem 0xe7000000-0xe70fffff 64bit pref]
[    0.708729] pci 0000:00:17.3: PCI bridge to [bus 16]
[    0.708746] pci 0000:00:17.3:   bridge window [mem 0xfc600000-0xfc6fffff]
[    0.708758] pci 0000:00:17.3:   bridge window [mem 0xe6c00000-0xe6cfffff 64bit pref]
[    0.708784] pci 0000:00:17.4: PCI bridge to [bus 17]
[    0.708801] pci 0000:00:17.4:   bridge window [mem 0xfc200000-0xfc2fffff]
[    0.708813] pci 0000:00:17.4:   bridge window [mem 0xe6800000-0xe68fffff 64bit pref]
[    0.708839] pci 0000:00:17.5: PCI bridge to [bus 18]
[    0.708856] pci 0000:00:17.5:   bridge window [mem 0xfbe00000-0xfbefffff]
[    0.708868] pci 0000:00:17.5:   bridge window [mem 0xe6400000-0xe64fffff 64bit pref]
[    0.708894] pci 0000:00:17.6: PCI bridge to [bus 19]
[    0.708912] pci 0000:00:17.6:   bridge window [mem 0xfba00000-0xfbafffff]
[    0.708923] pci 0000:00:17.6:   bridge window [mem 0xe6000000-0xe60fffff 64bit pref]
[    0.708950] pci 0000:00:17.7: PCI bridge to [bus 1a]
[    0.708967] pci 0000:00:17.7:   bridge window [mem 0xfb600000-0xfb6fffff]
[    0.708981] pci 0000:00:17.7:   bridge window [mem 0xe5c00000-0xe5cfffff 64bit pref]
[    0.709007] pci 0000:00:18.0: PCI bridge to [bus 1b]
[    0.709014] pci 0000:00:18.0:   bridge window [io  0x7000-0x7fff]
[    0.709031] pci 0000:00:18.0:   bridge window [mem 0xfd100000-0xfd1fffff]
[    0.709043] pci 0000:00:18.0:   bridge window [mem 0xe7700000-0xe77fffff 64bit pref]
[    0.709069] pci 0000:00:18.1: PCI bridge to [bus 1c]
[    0.709076] pci 0000:00:18.1:   bridge window [io  0xb000-0xbfff]
[    0.709093] pci 0000:00:18.1:   bridge window [mem 0xfcd00000-0xfcdfffff]
[    0.709105] pci 0000:00:18.1:   bridge window [mem 0xe7300000-0xe73fffff 64bit pref]
[    0.709131] pci 0000:00:18.2: PCI bridge to [bus 1d]
[    0.709148] pci 0000:00:18.2:   bridge window [mem 0xfc900000-0xfc9fffff]
[    0.709160] pci 0000:00:18.2:   bridge window [mem 0xe6f00000-0xe6ffffff 64bit pref]
[    0.709186] pci 0000:00:18.3: PCI bridge to [bus 1e]
[    0.709204] pci 0000:00:18.3:   bridge window [mem 0xfc500000-0xfc5fffff]
[    0.709215] pci 0000:00:18.3:   bridge window [mem 0xe6b00000-0xe6bfffff 64bit pref]
[    0.709242] pci 0000:00:18.4: PCI bridge to [bus 1f]
[    0.709259] pci 0000:00:18.4:   bridge window [mem 0xfc100000-0xfc1fffff]
[    0.709271] pci 0000:00:18.4:   bridge window [mem 0xe6700000-0xe67fffff 64bit pref]
[    0.709297] pci 0000:00:18.5: PCI bridge to [bus 20]
[    0.709315] pci 0000:00:18.5:   bridge window [mem 0xfbd00000-0xfbdfffff]
[    0.709327] pci 0000:00:18.5:   bridge window [mem 0xe6300000-0xe63fffff 64bit pref]
[    0.709353] pci 0000:00:18.6: PCI bridge to [bus 21]
[    0.709370] pci 0000:00:18.6:   bridge window [mem 0xfb900000-0xfb9fffff]
[    0.709382] pci 0000:00:18.6:   bridge window [mem 0xe5f00000-0xe5ffffff 64bit pref]
[    0.709412] pci 0000:00:18.7: PCI bridge to [bus 22]
[    0.709429] pci 0000:00:18.7:   bridge window [mem 0xfb500000-0xfb5fffff]
[    0.709441] pci 0000:00:18.7:   bridge window [mem 0xe5b00000-0xe5bfffff 64bit pref]
[    0.709467] pci_bus 0000:00: resource 4 [mem 0x000a0000-0x000bffff window]
[    0.709468] pci_bus 0000:00: resource 5 [mem 0x000d0000-0x000dbfff window]
[    0.709469] pci_bus 0000:00: resource 6 [mem 0xc0000000-0xfebfffff window]
[    0.709469] pci_bus 0000:00: resource 7 [io  0x0000-0x0cf7 window]
[    0.709470] pci_bus 0000:00: resource 8 [io  0x0d00-0xfeff window]
[    0.709471] pci_bus 0000:02: resource 0 [io  0x2000-0x3fff]
[    0.709471] pci_bus 0000:02: resource 1 [mem 0xfd500000-0xfdffffff]
[    0.709472] pci_bus 0000:02: resource 2 [mem 0xe7b00000-0xe7ffffff 64bit pref]
[    0.709472] pci_bus 0000:02: resource 4 [mem 0x000a0000-0x000bffff window]
[    0.709473] pci_bus 0000:02: resource 5 [mem 0x000d0000-0x000dbfff window]
[    0.709473] pci_bus 0000:02: resource 6 [mem 0xc0000000-0xfebfffff window]
[    0.709474] pci_bus 0000:02: resource 7 [io  0x0000-0x0cf7 window]
[    0.709474] pci_bus 0000:02: resource 8 [io  0x0d00-0xfeff window]
[    0.709475] pci_bus 0000:03: resource 0 [io  0x4000-0x4fff]
[    0.709475] pci_bus 0000:03: resource 1 [mem 0xfd400000-0xfd4fffff]
[    0.709475] pci_bus 0000:03: resource 2 [mem 0xe7a00000-0xe7afffff 64bit pref]
[    0.709476] pci_bus 0000:04: resource 0 [io  0x8000-0x8fff]
[    0.709477] pci_bus 0000:04: resource 1 [mem 0xfd000000-0xfd0fffff]
[    0.709477] pci_bus 0000:04: resource 2 [mem 0xe7600000-0xe76fffff 64bit pref]
[    0.709478] pci_bus 0000:05: resource 0 [io  0xc000-0xcfff]
[    0.709478] pci_bus 0000:05: resource 1 [mem 0xfcc00000-0xfccfffff]
[    0.709478] pci_bus 0000:05: resource 2 [mem 0xe7200000-0xe72fffff 64bit pref]
[    0.709479] pci_bus 0000:06: resource 1 [mem 0xfc800000-0xfc8fffff]
[    0.709479] pci_bus 0000:06: resource 2 [mem 0xe6e00000-0xe6efffff 64bit pref]
[    0.709480] pci_bus 0000:07: resource 1 [mem 0xfc400000-0xfc4fffff]
[    0.709480] pci_bus 0000:07: resource 2 [mem 0xe6a00000-0xe6afffff 64bit pref]
[    0.709481] pci_bus 0000:08: resource 1 [mem 0xfc000000-0xfc0fffff]
[    0.709481] pci_bus 0000:08: resource 2 [mem 0xe6600000-0xe66fffff 64bit pref]
[    0.709482] pci_bus 0000:09: resource 1 [mem 0xfbc00000-0xfbcfffff]
[    0.709482] pci_bus 0000:09: resource 2 [mem 0xe6200000-0xe62fffff 64bit pref]
[    0.709483] pci_bus 0000:0a: resource 1 [mem 0xfb800000-0xfb8fffff]
[    0.709483] pci_bus 0000:0a: resource 2 [mem 0xe5e00000-0xe5efffff 64bit pref]
[    0.709484] pci_bus 0000:0b: resource 0 [io  0x5000-0x5fff]
[    0.709484] pci_bus 0000:0b: resource 1 [mem 0xfd300000-0xfd3fffff]
[    0.709485] pci_bus 0000:0b: resource 2 [mem 0xe7900000-0xe79fffff 64bit pref]
[    0.709485] pci_bus 0000:0c: resource 0 [io  0x9000-0x9fff]
[    0.709486] pci_bus 0000:0c: resource 1 [mem 0xfcf00000-0xfcffffff]
[    0.709486] pci_bus 0000:0c: resource 2 [mem 0xe7500000-0xe75fffff 64bit pref]
[    0.709487] pci_bus 0000:0d: resource 0 [io  0xd000-0xdfff]
[    0.709487] pci_bus 0000:0d: resource 1 [mem 0xfcb00000-0xfcbfffff]
[    0.709488] pci_bus 0000:0d: resource 2 [mem 0xe7100000-0xe71fffff 64bit pref]
[    0.709488] pci_bus 0000:0e: resource 1 [mem 0xfc700000-0xfc7fffff]
[    0.709489] pci_bus 0000:0e: resource 2 [mem 0xe6d00000-0xe6dfffff 64bit pref]
[    0.709489] pci_bus 0000:0f: resource 1 [mem 0xfc300000-0xfc3fffff]
[    0.709490] pci_bus 0000:0f: resource 2 [mem 0xe6900000-0xe69fffff 64bit pref]
[    0.709490] pci_bus 0000:10: resource 1 [mem 0xfbf00000-0xfbffffff]
[    0.709491] pci_bus 0000:10: resource 2 [mem 0xe6500000-0xe65fffff 64bit pref]
[    0.709491] pci_bus 0000:11: resource 1 [mem 0xfbb00000-0xfbbfffff]
[    0.709492] pci_bus 0000:11: resource 2 [mem 0xe6100000-0xe61fffff 64bit pref]
[    0.709492] pci_bus 0000:12: resource 1 [mem 0xfb700000-0xfb7fffff]
[    0.709493] pci_bus 0000:12: resource 2 [mem 0xe5d00000-0xe5dfffff 64bit pref]
[    0.709493] pci_bus 0000:13: resource 0 [io  0x6000-0x6fff]
[    0.709494] pci_bus 0000:13: resource 1 [mem 0xfd200000-0xfd2fffff]
[    0.709494] pci_bus 0000:13: resource 2 [mem 0xe7800000-0xe78fffff 64bit pref]
[    0.709495] pci_bus 0000:14: resource 0 [io  0xa000-0xafff]
[    0.709495] pci_bus 0000:14: resource 1 [mem 0xfce00000-0xfcefffff]
[    0.709496] pci_bus 0000:14: resource 2 [mem 0xe7400000-0xe74fffff 64bit pref]
[    0.709496] pci_bus 0000:15: resource 0 [io  0xe000-0xefff]
[    0.709497] pci_bus 0000:15: resource 1 [mem 0xfca00000-0xfcafffff]
[    0.709497] pci_bus 0000:15: resource 2 [mem 0xe7000000-0xe70fffff 64bit pref]
[    0.709498] pci_bus 0000:16: resource 1 [mem 0xfc600000-0xfc6fffff]
[    0.709498] pci_bus 0000:16: resource 2 [mem 0xe6c00000-0xe6cfffff 64bit pref]
[    0.709499] pci_bus 0000:17: resource 1 [mem 0xfc200000-0xfc2fffff]
[    0.709499] pci_bus 0000:17: resource 2 [mem 0xe6800000-0xe68fffff 64bit pref]
[    0.709500] pci_bus 0000:18: resource 1 [mem 0xfbe00000-0xfbefffff]
[    0.709500] pci_bus 0000:18: resource 2 [mem 0xe6400000-0xe64fffff 64bit pref]
[    0.709501] pci_bus 0000:19: resource 1 [mem 0xfba00000-0xfbafffff]
[    0.709501] pci_bus 0000:19: resource 2 [mem 0xe6000000-0xe60fffff 64bit pref]
[    0.709502] pci_bus 0000:1a: resource 1 [mem 0xfb600000-0xfb6fffff]
[    0.709502] pci_bus 0000:1a: resource 2 [mem 0xe5c00000-0xe5cfffff 64bit pref]
[    0.709503] pci_bus 0000:1b: resource 0 [io  0x7000-0x7fff]
[    0.709504] pci_bus 0000:1b: resource 1 [mem 0xfd100000-0xfd1fffff]
[    0.709504] pci_bus 0000:1b: resource 2 [mem 0xe7700000-0xe77fffff 64bit pref]
[    0.709505] pci_bus 0000:1c: resource 0 [io  0xb000-0xbfff]
[    0.709505] pci_bus 0000:1c: resource 1 [mem 0xfcd00000-0xfcdfffff]
[    0.709505] pci_bus 0000:1c: resource 2 [mem 0xe7300000-0xe73fffff 64bit pref]
[    0.709506] pci_bus 0000:1d: resource 1 [mem 0xfc900000-0xfc9fffff]
[    0.709506] pci_bus 0000:1d: resource 2 [mem 0xe6f00000-0xe6ffffff 64bit pref]
[    0.709507] pci_bus 0000:1e: resource 1 [mem 0xfc500000-0xfc5fffff]
[    0.709507] pci_bus 0000:1e: resource 2 [mem 0xe6b00000-0xe6bfffff 64bit pref]
[    0.709508] pci_bus 0000:1f: resource 1 [mem 0xfc100000-0xfc1fffff]
[    0.709508] pci_bus 0000:1f: resource 2 [mem 0xe6700000-0xe67fffff 64bit pref]
[    0.709509] pci_bus 0000:20: resource 1 [mem 0xfbd00000-0xfbdfffff]
[    0.709509] pci_bus 0000:20: resource 2 [mem 0xe6300000-0xe63fffff 64bit pref]
[    0.709510] pci_bus 0000:21: resource 1 [mem 0xfb900000-0xfb9fffff]
[    0.709510] pci_bus 0000:21: resource 2 [mem 0xe5f00000-0xe5ffffff 64bit pref]
[    0.709511] pci_bus 0000:22: resource 1 [mem 0xfb500000-0xfb5fffff]
[    0.709511] pci_bus 0000:22: resource 2 [mem 0xe5b00000-0xe5bfffff 64bit pref]
[    0.709615] pci 0000:00:00.0: Limiting direct PCI/PCI transfers
[    0.711486] pci 0000:02:01.0: CLS mismatch (32 != 64), using 64 bytes
[    0.711812] PCI-DMA: Using software bounce buffering for IO (SWIOTLB)
[    0.711813] software IO TLB: mapped [mem 0x00000000bbed0000-0x00000000bfed0000] (64MB)
[    0.711841] clocksource: tsc: mask: 0xffffffffffffffff max_cycles: 0x314344704bf, max_idle_ns: 440795271204 ns
[    0.711929] clocksource: Switched to clocksource tsc
[    0.712143] Trying to unpack rootfs image as initramfs...
[    0.712367] Initialise system trusted keyrings
[    0.712373] Key type blacklist registered
[    0.712554] workingset: timestamp_bits=36 max_order=21 bucket_order=0
[    0.714335] zbud: loaded
[    0.714867] squashfs: version 4.0 (2009/01/31) Phillip Lougher
[    0.715282] fuse: init (API version 7.36)
[    0.715692] integrity: Platform Keyring initialized
[    0.715694] integrity: Machine keyring initialized
[    0.719554] Key type asymmetric registered
[    0.719554] Asymmetric key parser 'x509' registered
[    1.404052] Freeing initrd memory: 71268K
[    1.407301] alg: self-tests for CTR-KDF (hmac(sha256)) passed
[    1.407318] Block layer SCSI generic (bsg) driver version 0.4 loaded (major 243)
[    1.407436] io scheduler mq-deadline registered
[    1.409501] pcieport 0000:00:15.0: PME: Signaling with IRQ 24
[    1.409570] pcieport 0000:00:15.0: pciehp: Slot #160 AttnBtn+ PwrCtrl+ MRL- AttnInd- PwrInd- HotPlug+ Surprise- Interlock- NoCompl+ IbPresDis- LLActRep+
[    1.410379] pcieport 0000:00:15.1: PME: Signaling with IRQ 25
[    1.410435] pcieport 0000:00:15.1: pciehp: Slot #161 AttnBtn+ PwrCtrl+ MRL- AttnInd- PwrInd- HotPlug+ Surprise- Interlock- NoCompl+ IbPresDis- LLActRep+
[    1.411043] pcieport 0000:00:15.2: PME: Signaling with IRQ 26
[    1.411089] pcieport 0000:00:15.2: pciehp: Slot #162 AttnBtn+ PwrCtrl+ MRL- AttnInd- PwrInd- HotPlug+ Surprise- Interlock- NoCompl+ IbPresDis- LLActRep+
[    1.411762] pcieport 0000:00:15.3: PME: Signaling with IRQ 27
[    1.411810] pcieport 0000:00:15.3: pciehp: Slot #163 AttnBtn+ PwrCtrl+ MRL- AttnInd- PwrInd- HotPlug+ Surprise- Interlock- NoCompl+ IbPresDis- LLActRep+
[    1.412419] pcieport 0000:00:15.4: PME: Signaling with IRQ 28
[    1.412493] pcieport 0000:00:15.4: pciehp: Slot #164 AttnBtn+ PwrCtrl+ MRL- AttnInd- PwrInd- HotPlug+ Surprise- Interlock- NoCompl+ IbPresDis- LLActRep+
[    1.413263] pcieport 0000:00:15.5: PME: Signaling with IRQ 29
[    1.413341] pcieport 0000:00:15.5: pciehp: Slot #165 AttnBtn+ PwrCtrl+ MRL- AttnInd- PwrInd- HotPlug+ Surprise- Interlock- NoCompl+ IbPresDis- LLActRep+
[    1.413978] pcieport 0000:00:15.6: PME: Signaling with IRQ 30
[    1.414025] pcieport 0000:00:15.6: pciehp: Slot #166 AttnBtn+ PwrCtrl+ MRL- AttnInd- PwrInd- HotPlug+ Surprise- Interlock- NoCompl+ IbPresDis- LLActRep+
[    1.414741] pcieport 0000:00:15.7: PME: Signaling with IRQ 31
[    1.414787] pcieport 0000:00:15.7: pciehp: Slot #167 AttnBtn+ PwrCtrl+ MRL- AttnInd- PwrInd- HotPlug+ Surprise- Interlock- NoCompl+ IbPresDis- LLActRep+
[    1.415434] pcieport 0000:00:16.0: PME: Signaling with IRQ 32
[    1.415479] pcieport 0000:00:16.0: pciehp: Slot #192 AttnBtn+ PwrCtrl+ MRL- AttnInd- PwrInd- HotPlug+ Surprise- Interlock- NoCompl+ IbPresDis- LLActRep+
[    1.416268] pcieport 0000:00:16.1: PME: Signaling with IRQ 33
[    1.416328] pcieport 0000:00:16.1: pciehp: Slot #193 AttnBtn+ PwrCtrl+ MRL- AttnInd- PwrInd- HotPlug+ Surprise- Interlock- NoCompl+ IbPresDis- LLActRep+
[    1.416973] pcieport 0000:00:16.2: PME: Signaling with IRQ 34
[    1.417031] pcieport 0000:00:16.2: pciehp: Slot #194 AttnBtn+ PwrCtrl+ MRL- AttnInd- PwrInd- HotPlug+ Surprise- Interlock- NoCompl+ IbPresDis- LLActRep+
[    1.417681] pcieport 0000:00:16.3: PME: Signaling with IRQ 35
[    1.417737] pcieport 0000:00:16.3: pciehp: Slot #195 AttnBtn+ PwrCtrl+ MRL- AttnInd- PwrInd- HotPlug+ Surprise- Interlock- NoCompl+ IbPresDis- LLActRep+
[    1.418379] pcieport 0000:00:16.4: PME: Signaling with IRQ 36
[    1.418442] pcieport 0000:00:16.4: pciehp: Slot #196 AttnBtn+ PwrCtrl+ MRL- AttnInd- PwrInd- HotPlug+ Surprise- Interlock- NoCompl+ IbPresDis- LLActRep+
[    1.419239] pcieport 0000:00:16.5: PME: Signaling with IRQ 37
[    1.419331] pcieport 0000:00:16.5: pciehp: Slot #197 AttnBtn+ PwrCtrl+ MRL- AttnInd- PwrInd- HotPlug+ Surprise- Interlock- NoCompl+ IbPresDis- LLActRep+
[    1.419996] pcieport 0000:00:16.6: PME: Signaling with IRQ 38
[    1.420043] pcieport 0000:00:16.6: pciehp: Slot #198 AttnBtn+ PwrCtrl+ MRL- AttnInd- PwrInd- HotPlug+ Surprise- Interlock- NoCompl+ IbPresDis- LLActRep+
[    1.420675] pcieport 0000:00:16.7: PME: Signaling with IRQ 39
[    1.420732] pcieport 0000:00:16.7: pciehp: Slot #199 AttnBtn+ PwrCtrl+ MRL- AttnInd- PwrInd- HotPlug+ Surprise- Interlock- NoCompl+ IbPresDis- LLActRep+
[    1.421395] pcieport 0000:00:17.0: PME: Signaling with IRQ 40
[    1.421459] pcieport 0000:00:17.0: pciehp: Slot #224 AttnBtn+ PwrCtrl+ MRL- AttnInd- PwrInd- HotPlug+ Surprise- Interlock- NoCompl+ IbPresDis- LLActRep+
[    1.422162] pcieport 0000:00:17.1: PME: Signaling with IRQ 41
[    1.422208] pcieport 0000:00:17.1: pciehp: Slot #225 AttnBtn+ PwrCtrl+ MRL- AttnInd- PwrInd- HotPlug+ Surprise- Interlock- NoCompl+ IbPresDis- LLActRep+
[    1.422856] pcieport 0000:00:17.2: PME: Signaling with IRQ 42
[    1.422903] pcieport 0000:00:17.2: pciehp: Slot #226 AttnBtn+ PwrCtrl+ MRL- AttnInd- PwrInd- HotPlug+ Surprise- Interlock- NoCompl+ IbPresDis- LLActRep+
[    1.423505] pcieport 0000:00:17.3: PME: Signaling with IRQ 43
[    1.423565] pcieport 0000:00:17.3: pciehp: Slot #227 AttnBtn+ PwrCtrl+ MRL- AttnInd- PwrInd- HotPlug+ Surprise- Interlock- NoCompl+ IbPresDis- LLActRep+
[    1.424178] pcieport 0000:00:17.4: PME: Signaling with IRQ 44
[    1.424248] pcieport 0000:00:17.4: pciehp: Slot #228 AttnBtn+ PwrCtrl+ MRL- AttnInd- PwrInd- HotPlug+ Surprise- Interlock- NoCompl+ IbPresDis- LLActRep+
[    1.424983] pcieport 0000:00:17.5: PME: Signaling with IRQ 45
[    1.425040] pcieport 0000:00:17.5: pciehp: Slot #229 AttnBtn+ PwrCtrl+ MRL- AttnInd- PwrInd- HotPlug+ Surprise- Interlock- NoCompl+ IbPresDis- LLActRep+
[    1.425718] pcieport 0000:00:17.6: PME: Signaling with IRQ 46
[    1.425763] pcieport 0000:00:17.6: pciehp: Slot #230 AttnBtn+ PwrCtrl+ MRL- AttnInd- PwrInd- HotPlug+ Surprise- Interlock- NoCompl+ IbPresDis- LLActRep+
[    1.426377] pcieport 0000:00:17.7: PME: Signaling with IRQ 47
[    1.426422] pcieport 0000:00:17.7: pciehp: Slot #231 AttnBtn+ PwrCtrl+ MRL- AttnInd- PwrInd- HotPlug+ Surprise- Interlock- NoCompl+ IbPresDis- LLActRep+
[    1.427028] pcieport 0000:00:18.0: PME: Signaling with IRQ 48
[    1.427073] pcieport 0000:00:18.0: pciehp: Slot #256 AttnBtn+ PwrCtrl+ MRL- AttnInd- PwrInd- HotPlug+ Surprise- Interlock- NoCompl+ IbPresDis- LLActRep+
[    1.427883] pcieport 0000:00:18.1: PME: Signaling with IRQ 49
[    1.427931] pcieport 0000:00:18.1: pciehp: Slot #257 AttnBtn+ PwrCtrl+ MRL- AttnInd- PwrInd- HotPlug+ Surprise- Interlock- NoCompl+ IbPresDis- LLActRep+
[    1.428593] pcieport 0000:00:18.2: PME: Signaling with IRQ 50
[    1.428648] pcieport 0000:00:18.2: pciehp: Slot #258 AttnBtn+ PwrCtrl+ MRL- AttnInd- PwrInd- HotPlug+ Surprise- Interlock- NoCompl+ IbPresDis- LLActRep+
[    1.429267] pcieport 0000:00:18.3: PME: Signaling with IRQ 51
[    1.429329] pcieport 0000:00:18.3: pciehp: Slot #259 AttnBtn+ PwrCtrl+ MRL- AttnInd- PwrInd- HotPlug+ Surprise- Interlock- NoCompl+ IbPresDis- LLActRep+
[    1.429959] pcieport 0000:00:18.4: PME: Signaling with IRQ 52
[    1.430028] pcieport 0000:00:18.4: pciehp: Slot #260 AttnBtn+ PwrCtrl+ MRL- AttnInd- PwrInd- HotPlug+ Surprise- Interlock- NoCompl+ IbPresDis- LLActRep+
[    1.430713] pcieport 0000:00:18.5: PME: Signaling with IRQ 53
[    1.430759] pcieport 0000:00:18.5: pciehp: Slot #261 AttnBtn+ PwrCtrl+ MRL- AttnInd- PwrInd- HotPlug+ Surprise- Interlock- NoCompl+ IbPresDis- LLActRep+
[    1.431408] pcieport 0000:00:18.6: PME: Signaling with IRQ 54
[    1.431453] pcieport 0000:00:18.6: pciehp: Slot #262 AttnBtn+ PwrCtrl+ MRL- AttnInd- PwrInd- HotPlug+ Surprise- Interlock- NoCompl+ IbPresDis- LLActRep+
[    1.432164] pcieport 0000:00:18.7: PME: Signaling with IRQ 55
[    1.432219] pcieport 0000:00:18.7: pciehp: Slot #263 AttnBtn+ PwrCtrl+ MRL- AttnInd- PwrInd- HotPlug+ Surprise- Interlock- NoCompl+ IbPresDis- LLActRep+
[    1.432651] shpchp: Standard Hot Plug PCI Controller Driver version: 0.4
[    1.432930] ACPI: AC: AC Adapter [ACAD] (on-line)
[    1.433013] input: Power Button as /devices/LNXSYSTM:00/LNXPWRBN:00/input/input0
[    1.433040] ACPI: button: Power Button [PWRF]
[    1.433790] Serial: 8250/16550 driver, 32 ports, IRQ sharing enabled
[    1.455645] 00:05: ttyS0 at I/O 0x3f8 (irq = 4, base_baud = 115200) is a 16550A
[    1.474501] Linux agpgart interface v0.103
[    1.474552] agpgart-intel 0000:00:00.0: Intel 440BX Chipset
[    1.475387] agpgart-intel 0000:00:00.0: AGP aperture is 256M @ 0x0
[    1.479902] loop: module loaded
[    1.480113] ata_piix 0000:00:07.1: version 2.13
[    1.480656] scsi host0: ata_piix
[    1.480831] scsi host1: ata_piix
[    1.480876] ata1: PATA max UDMA/33 cmd 0x1f0 ctl 0x3f6 bmdma 0x1060 irq 14
[    1.480877] ata2: PATA max UDMA/33 cmd 0x170 ctl 0x376 bmdma 0x1068 irq 15
[    1.481009] tun: Universal TUN/TAP device driver, 1.6
[    1.481192] PPP generic driver version 2.4.2
[    1.481305] VFIO - User Level meta-driver version: 0.3
[    1.481368] ehci_hcd: USB 2.0 'Enhanced' Host Controller (EHCI) Driver
[    1.481370] ehci-pci: EHCI PCI platform driver
[    1.481648] ehci-pci 0000:02:03.0: EHCI Host Controller
[    1.481651] ehci-pci 0000:02:03.0: new USB bus registered, assigned bus number 1
[    1.481750] ehci-pci 0000:02:03.0: irq 17, io mem 0xfd5ef000
[    1.499679] ehci-pci 0000:02:03.0: USB 2.0 started, EHCI 1.00
[    1.499716] usb usb1: New USB device found, idVendor=1d6b, idProduct=0002, bcdDevice= 5.19
